[    0.000000] Linux version 5.8.0-63-generic (buildd@lgw01-amd64-035) (gcc (Ubuntu 9.3.0-17ubuntu1~20.04) 9.3.0, GNU ld (GNU Binutils for Ubuntu) 2.34) #71~20.04.1-Ubuntu SMP Thu Jul 15 17:46:08 UTC 2021 (Ubuntu 5.8.0-63.71~20.04.1-generic 5.8.18)
[    0.000000] Command line: BOOT_IMAGE=/boot/vmlinuz-5.8.0-63-generic root=UUID=877e1867-02f1-46cd-b135-28e5fb0a7646 ro quiet splash
[    0.000000] KERNEL supported cpus:
[    0.000000]   Intel GenuineIntel
[    0.000000]   AMD AuthenticAMD
[    0.000000]   Hygon HygonGenuine
[    0.000000]   Centaur CentaurHauls
[    0.000000]   zhaoxin   Shanghai  
[    0.000000] Disabled fast string operations
[    0.000000] x86/fpu: Supporting XSAVE feature 0x001: 'x87 floating point registers'
[    0.000000] x86/fpu: Supporting XSAVE feature 0x002: 'SSE registers'
[    0.000000] x86/fpu: Supporting XSAVE feature 0x004: 'AVX registers'
[    0.000000] x86/fpu: xstate_offset[2]:  576, xstate_sizes[2]:  256
[    0.000000] x86/fpu: Enabled xstate features 0x7, context size is 832 bytes, using 'standard' format.
[    0.000000] BIOS-provided physical RAM map:
[    0.000000] BIOS-e820: [mem 0x0000000000000000-0x000000000009e7ff] usable
[    0.000000] BIOS-e820: [mem 0x000000000009e800-0x000000000009ffff] reserved
[    0.000000] BIOS-e820: [mem 0x00000000000dc000-0x00000000000fffff] reserved
[    0.000000] BIOS-e820: [mem 0x0000000000100000-0x00000000bfedffff] usable
[    0.000000] BIOS-e820: [mem 0x00000000bfee0000-0x00000000bfefefff] ACPI data
[    0.000000] BIOS-e820: [mem 0x00000000bfeff000-0x00000000bfefffff] ACPI NVS
[    0.000000] BIOS-e820: [mem 0x00000000bff00000-0x00000000bfffffff] usable
[    0.000000] BIOS-e820: [mem 0x00000000f0000000-0x00000000f7ffffff] reserved
[    0.000000] BIOS-e820: [mem 0x00000000fec00000-0x00000000fec0ffff] reserved
[    0.000000] BIOS-e820: [mem 0x00000000fee00000-0x00000000fee00fff] reserved
[    0.000000] BIOS-e820: [mem 0x00000000fffe0000-0x00000000ffffffff] reserved
[    0.000000] BIOS-e820: [mem 0x0000000100000000-0x000000023fffffff] usable
[    0.000000] NX (Execute Disable) protection: active
[    0.000000] SMBIOS 2.7 present.
[    0.000000] DMI: VMware, Inc. VMware Virtual Platform/440BX Desktop Reference Platform, BIOS 6.00 07/22/2020
[    0.000000] vmware: hypercall mode: 0x02
[    0.000000] Hypervisor detected: VMware
[    0.000000] vmware: TSC freq read from hypervisor : 2294.609 MHz
[    0.000000] vmware: Host bus clock speed read from hypervisor : 66000000 Hz
[    0.000000] vmware: using clock offset of 77016823732 ns
[    0.000076] tsc: Detected 2294.609 MHz processor
[    0.003349] e820: update [mem 0x00000000-0x00000fff] usable ==> reserved
[    0.003354] e820: remove [mem 0x000a0000-0x000fffff] usable
[    0.003363] last_pfn = 0x240000 max_arch_pfn = 0x400000000
[    0.003594] MTRR default type: uncachable
[    0.003596] MTRR fixed ranges enabled:
[    0.003598]   00000-9FFFF write-back
[    0.003599]   A0000-BFFFF uncachable
[    0.003601]   C0000-CFFFF write-protect
[    0.003602]   D0000-EFFFF uncachable
[    0.003603]   F0000-FFFFF write-protect
[    0.003604] MTRR variable ranges enabled:
[    0.003606]   0 base 000000000000 mask 1FC000000000 write-back
[    0.003608]   1 base 0000C0000000 mask 1FFFC0000000 uncachable
[    0.003609]   2 disabled
[    0.003610]   3 disabled
[    0.003611]   4 disabled
[    0.003611]   5 disabled
[    0.003612]   6 disabled
[    0.003612]   7 disabled
[    0.003704] x86/PAT: Configuration [0-7]: WB  WC  UC- UC  WB  WP  UC- WT  
[    0.003790] total RAM covered: 261120M
[    0.004285]  gran_size: 64K 	chunk_size: 64K 	num_reg: 8  	lose cover RAM: 0G
[    0.004287]  gran_size: 64K 	chunk_size: 128K 	num_reg: 8  	lose cover RAM: 0G
[    0.004288]  gran_size: 64K 	chunk_size: 256K 	num_reg: 8  	lose cover RAM: 0G
[    0.004289]  gran_size: 64K 	chunk_size: 512K 	num_reg: 8  	lose cover RAM: 0G
[    0.004290]  gran_size: 64K 	chunk_size: 1M 	num_reg: 8  	lose cover RAM: 0G
[    0.004291]  gran_size: 64K 	chunk_size: 2M 	num_reg: 8  	lose cover RAM: 0G
[    0.004292]  gran_size: 64K 	chunk_size: 4M 	num_reg: 8  	lose cover RAM: 0G
[    0.004293]  gran_size: 64K 	chunk_size: 8M 	num_reg: 8  	lose cover RAM: 0G
[    0.004293]  gran_size: 64K 	chunk_size: 16M 	num_reg: 8  	lose cover RAM: 0G
[    0.004294]  gran_size: 64K 	chunk_size: 32M 	num_reg: 8  	lose cover RAM: 0G
[    0.004295]  gran_size: 64K 	chunk_size: 64M 	num_reg: 8  	lose cover RAM: 0G
[    0.004296]  gran_size: 64K 	chunk_size: 128M 	num_reg: 8  	lose cover RAM: 0G
[    0.004297]  gran_size: 64K 	chunk_size: 256M 	num_reg: 8  	lose cover RAM: 0G
[    0.004297]  gran_size: 64K 	chunk_size: 512M 	num_reg: 8  	lose cover RAM: 0G
[    0.004298]  gran_size: 64K 	chunk_size: 1G 	num_reg: 8  	lose cover RAM: 0G
[    0.004299]  gran_size: 64K 	chunk_size: 2G 	num_reg: 8  	lose cover RAM: 0G
[    0.004300]  gran_size: 128K 	chunk_size: 128K 	num_reg: 8  	lose cover RAM: 0G
[    0.004300]  gran_size: 128K 	chunk_size: 256K 	num_reg: 8  	lose cover RAM: 0G
[    0.004301]  gran_size: 128K 	chunk_size: 512K 	num_reg: 8  	lose cover RAM: 0G
[    0.004302]  gran_size: 128K 	chunk_size: 1M 	num_reg: 8  	lose cover RAM: 0G
[    0.004303]  gran_size: 128K 	chunk_size: 2M 	num_reg: 8  	lose cover RAM: 0G
[    0.004303]  gran_size: 128K 	chunk_size: 4M 	num_reg: 8  	lose cover RAM: 0G
[    0.004304]  gran_size: 128K 	chunk_size: 8M 	num_reg: 8  	lose cover RAM: 0G
[    0.004305]  gran_size: 128K 	chunk_size: 16M 	num_reg: 8  	lose cover RAM: 0G
[    0.004306]  gran_size: 128K 	chunk_size: 32M 	num_reg: 8  	lose cover RAM: 0G
[    0.004306]  gran_size: 128K 	chunk_size: 64M 	num_reg: 8  	lose cover RAM: 0G
[    0.004307]  gran_size: 128K 	chunk_size: 128M 	num_reg: 8  	lose cover RAM: 0G
[    0.004308]  gran_size: 128K 	chunk_size: 256M 	num_reg: 8  	lose cover RAM: 0G
[    0.004309]  gran_size: 128K 	chunk_size: 512M 	num_reg: 8  	lose cover RAM: 0G
[    0.004309]  gran_size: 128K 	chunk_size: 1G 	num_reg: 8  	lose cover RAM: 0G
[    0.004310]  gran_size: 128K 	chunk_size: 2G 	num_reg: 8  	lose cover RAM: 0G
[    0.004311]  gran_size: 256K 	chunk_size: 256K 	num_reg: 8  	lose cover RAM: 0G
[    0.004312]  gran_size: 256K 	chunk_size: 512K 	num_reg: 8  	lose cover RAM: 0G
[    0.004312]  gran_size: 256K 	chunk_size: 1M 	num_reg: 8  	lose cover RAM: 0G
[    0.004313]  gran_size: 256K 	chunk_size: 2M 	num_reg: 8  	lose cover RAM: 0G
[    0.004314]  gran_size: 256K 	chunk_size: 4M 	num_reg: 8  	lose cover RAM: 0G
[    0.004314]  gran_size: 256K 	chunk_size: 8M 	num_reg: 8  	lose cover RAM: 0G
[    0.004315]  gran_size: 256K 	chunk_size: 16M 	num_reg: 8  	lose cover RAM: 0G
[    0.004316]  gran_size: 256K 	chunk_size: 32M 	num_reg: 8  	lose cover RAM: 0G
[    0.004317]  gran_size: 256K 	chunk_size: 64M 	num_reg: 8  	lose cover RAM: 0G
[    0.004318]  gran_size: 256K 	chunk_size: 128M 	num_reg: 8  	lose cover RAM: 0G
[    0.004319]  gran_size: 256K 	chunk_size: 256M 	num_reg: 8  	lose cover RAM: 0G
[    0.004319]  gran_size: 256K 	chunk_size: 512M 	num_reg: 8  	lose cover RAM: 0G
[    0.004320]  gran_size: 256K 	chunk_size: 1G 	num_reg: 8  	lose cover RAM: 0G
[    0.004321]  gran_size: 256K 	chunk_size: 2G 	num_reg: 8  	lose cover RAM: 0G
[    0.004322]  gran_size: 512K 	chunk_size: 512K 	num_reg: 8  	lose cover RAM: 0G
[    0.004323]  gran_size: 512K 	chunk_size: 1M 	num_reg: 8  	lose cover RAM: 0G
[    0.004323]  gran_size: 512K 	chunk_size: 2M 	num_reg: 8  	lose cover RAM: 0G
[    0.004324]  gran_size: 512K 	chunk_size: 4M 	num_reg: 8  	lose cover RAM: 0G
[    0.004325]  gran_size: 512K 	chunk_size: 8M 	num_reg: 8  	lose cover RAM: 0G
[    0.004326]  gran_size: 512K 	chunk_size: 16M 	num_reg: 8  	lose cover RAM: 0G
[    0.004326]  gran_size: 512K 	chunk_size: 32M 	num_reg: 8  	lose cover RAM: 0G
[    0.004327]  gran_size: 512K 	chunk_size: 64M 	num_reg: 8  	lose cover RAM: 0G
[    0.004328]  gran_size: 512K 	chunk_size: 128M 	num_reg: 8  	lose cover RAM: 0G
[    0.004328]  gran_size: 512K 	chunk_size: 256M 	num_reg: 8  	lose cover RAM: 0G
[    0.004329]  gran_size: 512K 	chunk_size: 512M 	num_reg: 8  	lose cover RAM: 0G
[    0.004330]  gran_size: 512K 	chunk_size: 1G 	num_reg: 8  	lose cover RAM: 0G
[    0.004331]  gran_size: 512K 	chunk_size: 2G 	num_reg: 8  	lose cover RAM: 0G
[    0.004332]  gran_size: 1M 	chunk_size: 1M 	num_reg: 8  	lose cover RAM: 0G
[    0.004332]  gran_size: 1M 	chunk_size: 2M 	num_reg: 8  	lose cover RAM: 0G
[    0.004333]  gran_size: 1M 	chunk_size: 4M 	num_reg: 8  	lose cover RAM: 0G
[    0.004334]  gran_size: 1M 	chunk_size: 8M 	num_reg: 8  	lose cover RAM: 0G
[    0.004335]  gran_size: 1M 	chunk_size: 16M 	num_reg: 8  	lose cover RAM: 0G
[    0.004335]  gran_size: 1M 	chunk_size: 32M 	num_reg: 8  	lose cover RAM: 0G
[    0.004336]  gran_size: 1M 	chunk_size: 64M 	num_reg: 8  	lose cover RAM: 0G
[    0.004337]  gran_size: 1M 	chunk_size: 128M 	num_reg: 8  	lose cover RAM: 0G
[    0.004338]  gran_size: 1M 	chunk_size: 256M 	num_reg: 8  	lose cover RAM: 0G
[    0.004338]  gran_size: 1M 	chunk_size: 512M 	num_reg: 8  	lose cover RAM: 0G
[    0.004339]  gran_size: 1M 	chunk_size: 1G 	num_reg: 8  	lose cover RAM: 0G
[    0.004340]  gran_size: 1M 	chunk_size: 2G 	num_reg: 8  	lose cover RAM: 0G
[    0.004340]  gran_size: 2M 	chunk_size: 2M 	num_reg: 8  	lose cover RAM: 0G
[    0.004341]  gran_size: 2M 	chunk_size: 4M 	num_reg: 8  	lose cover RAM: 0G
[    0.004342]  gran_size: 2M 	chunk_size: 8M 	num_reg: 8  	lose cover RAM: 0G
[    0.004343]  gran_size: 2M 	chunk_size: 16M 	num_reg: 8  	lose cover RAM: 0G
[    0.004343]  gran_size: 2M 	chunk_size: 32M 	num_reg: 8  	lose cover RAM: 0G
[    0.004344]  gran_size: 2M 	chunk_size: 64M 	num_reg: 8  	lose cover RAM: 0G
[    0.004345]  gran_size: 2M 	chunk_size: 128M 	num_reg: 8  	lose cover RAM: 0G
[    0.004346]  gran_size: 2M 	chunk_size: 256M 	num_reg: 8  	lose cover RAM: 0G
[    0.004346]  gran_size: 2M 	chunk_size: 512M 	num_reg: 8  	lose cover RAM: 0G
[    0.004347]  gran_size: 2M 	chunk_size: 1G 	num_reg: 8  	lose cover RAM: 0G
[    0.004348]  gran_size: 2M 	chunk_size: 2G 	num_reg: 8  	lose cover RAM: 0G
[    0.004348]  gran_size: 4M 	chunk_size: 4M 	num_reg: 8  	lose cover RAM: 0G
[    0.004349]  gran_size: 4M 	chunk_size: 8M 	num_reg: 8  	lose cover RAM: 0G
[    0.004350]  gran_size: 4M 	chunk_size: 16M 	num_reg: 8  	lose cover RAM: 0G
[    0.004351]  gran_size: 4M 	chunk_size: 32M 	num_reg: 8  	lose cover RAM: 0G
[    0.004351]  gran_size: 4M 	chunk_size: 64M 	num_reg: 8  	lose cover RAM: 0G
[    0.004352]  gran_size: 4M 	chunk_size: 128M 	num_reg: 8  	lose cover RAM: 0G
[    0.004353]  gran_size: 4M 	chunk_size: 256M 	num_reg: 8  	lose cover RAM: 0G
[    0.004354]  gran_size: 4M 	chunk_size: 512M 	num_reg: 8  	lose cover RAM: 0G
[    0.004354]  gran_size: 4M 	chunk_size: 1G 	num_reg: 8  	lose cover RAM: 0G
[    0.004355]  gran_size: 4M 	chunk_size: 2G 	num_reg: 8  	lose cover RAM: 0G
[    0.004356]  gran_size: 8M 	chunk_size: 8M 	num_reg: 8  	lose cover RAM: 0G
[    0.004357]  gran_size: 8M 	chunk_size: 16M 	num_reg: 8  	lose cover RAM: 0G
[    0.004358]  gran_size: 8M 	chunk_size: 32M 	num_reg: 8  	lose cover RAM: 0G
[    0.004358]  gran_size: 8M 	chunk_size: 64M 	num_reg: 8  	lose cover RAM: 0G
[    0.004359]  gran_size: 8M 	chunk_size: 128M 	num_reg: 8  	lose cover RAM: 0G
[    0.004360]  gran_size: 8M 	chunk_size: 256M 	num_reg: 8  	lose cover RAM: 0G
[    0.004361]  gran_size: 8M 	chunk_size: 512M 	num_reg: 8  	lose cover RAM: 0G
[    0.004361]  gran_size: 8M 	chunk_size: 1G 	num_reg: 8  	lose cover RAM: 0G
[    0.004362]  gran_size: 8M 	chunk_size: 2G 	num_reg: 8  	lose cover RAM: 0G
[    0.004363]  gran_size: 16M 	chunk_size: 16M 	num_reg: 8  	lose cover RAM: 0G
[    0.004364]  gran_size: 16M 	chunk_size: 32M 	num_reg: 8  	lose cover RAM: 0G
[    0.004364]  gran_size: 16M 	chunk_size: 64M 	num_reg: 8  	lose cover RAM: 0G
[    0.004365]  gran_size: 16M 	chunk_size: 128M 	num_reg: 8  	lose cover RAM: 0G
[    0.004366]  gran_size: 16M 	chunk_size: 256M 	num_reg: 8  	lose cover RAM: 0G
[    0.004367]  gran_size: 16M 	chunk_size: 512M 	num_reg: 8  	lose cover RAM: 0G
[    0.004367]  gran_size: 16M 	chunk_size: 1G 	num_reg: 8  	lose cover RAM: 0G
[    0.004368]  gran_size: 16M 	chunk_size: 2G 	num_reg: 8  	lose cover RAM: 0G
[    0.004369]  gran_size: 32M 	chunk_size: 32M 	num_reg: 8  	lose cover RAM: 0G
[    0.004370]  gran_size: 32M 	chunk_size: 64M 	num_reg: 8  	lose cover RAM: 0G
[    0.004370]  gran_size: 32M 	chunk_size: 128M 	num_reg: 8  	lose cover RAM: 0G
[    0.004371]  gran_size: 32M 	chunk_size: 256M 	num_reg: 8  	lose cover RAM: 0G
[    0.004372]  gran_size: 32M 	chunk_size: 512M 	num_reg: 8  	lose cover RAM: 0G
[    0.004373]  gran_size: 32M 	chunk_size: 1G 	num_reg: 8  	lose cover RAM: 0G
[    0.004373]  gran_size: 32M 	chunk_size: 2G 	num_reg: 8  	lose cover RAM: 0G
[    0.004374]  gran_size: 64M 	chunk_size: 64M 	num_reg: 8  	lose cover RAM: 0G
[    0.004375]  gran_size: 64M 	chunk_size: 128M 	num_reg: 8  	lose cover RAM: 0G
[    0.004376]  gran_size: 64M 	chunk_size: 256M 	num_reg: 8  	lose cover RAM: 0G
[    0.004376]  gran_size: 64M 	chunk_size: 512M 	num_reg: 8  	lose cover RAM: 0G
[    0.004377]  gran_size: 64M 	chunk_size: 1G 	num_reg: 8  	lose cover RAM: 0G
[    0.004378]  gran_size: 64M 	chunk_size: 2G 	num_reg: 8  	lose cover RAM: 0G
[    0.004379]  gran_size: 128M 	chunk_size: 128M 	num_reg: 8  	lose cover RAM: 0G
[    0.004379]  gran_size: 128M 	chunk_size: 256M 	num_reg: 8  	lose cover RAM: 0G
[    0.004380]  gran_size: 128M 	chunk_size: 512M 	num_reg: 8  	lose cover RAM: 0G
[    0.004381]  gran_size: 128M 	chunk_size: 1G 	num_reg: 8  	lose cover RAM: 0G
[    0.004382]  gran_size: 128M 	chunk_size: 2G 	num_reg: 8  	lose cover RAM: 0G
[    0.004382]  gran_size: 256M 	chunk_size: 256M 	num_reg: 8  	lose cover RAM: 0G
[    0.004383]  gran_size: 256M 	chunk_size: 512M 	num_reg: 8  	lose cover RAM: 0G
[    0.004384]  gran_size: 256M 	chunk_size: 1G 	num_reg: 8  	lose cover RAM: 0G
[    0.004385]  gran_size: 256M 	chunk_size: 2G 	num_reg: 8  	lose cover RAM: 0G
[    0.004390]  gran_size: 512M 	chunk_size: 512M 	num_reg: 8  	lose cover RAM: 0G
[    0.004391]  gran_size: 512M 	chunk_size: 1G 	num_reg: 8  	lose cover RAM: 0G
[    0.004392]  gran_size: 512M 	chunk_size: 2G 	num_reg: 8  	lose cover RAM: 0G
[    0.004393]  gran_size: 1G 	chunk_size: 1G 	num_reg: 8  	lose cover RAM: 0G
[    0.004393]  gran_size: 1G 	chunk_size: 2G 	num_reg: 8  	lose cover RAM: 0G
[    0.004394]  gran_size: 2G 	chunk_size: 2G 	num_reg: 7  	lose cover RAM: 1G
[    0.004395] mtrr_cleanup: can not find optimal value
[    0.004395] please specify mtrr_gran_size/mtrr_chunk_size
[    0.004441] e820: update [mem 0xc0000000-0xffffffff] usable ==> reserved
[    0.004457] last_pfn = 0xc0000 max_arch_pfn = 0x400000000
[    0.018641] found SMP MP-table at [mem 0x000f6a70-0x000f6a7f]
[    0.019037] check: Scanning 1 areas for low memory corruption
[    0.019171] Using GB pages for direct mapping
[    0.019290] RAMDISK: [mem 0x318c9000-0x34c5bfff]
[    0.019297] ACPI: Early table checksum verification disabled
[    0.019302] ACPI: RSDP 0x00000000000F6A00 000024 (v02 PTLTD )
[    0.019308] ACPI: XSDT 0x00000000BFEE6633 00005C (v01 INTEL  440BX    06040000 VMW  01324272)
[    0.019315] ACPI: FACP 0x00000000BFEFEE73 0000F4 (v04 INTEL  440BX    06040000 PTL  000F4240)
[    0.019322] ACPI: DSDT 0x00000000BFEE7CBD 0171B6 (v01 PTLTD  Custom   06040000 MSFT 03000001)
[    0.019346] ACPI: FACS 0x00000000BFEFFFC0 000040
[    0.019349] ACPI: FACS 0x00000000BFEFFFC0 000040
[    0.019353] ACPI: BOOT 0x00000000BFEE7C95 000028 (v01 PTLTD  $SBFTBL$ 06040000  LTP 00000001)
[    0.019357] ACPI: APIC 0x00000000BFEE7553 000742 (v01 PTLTD  ? APIC   06040000  LTP 00000000)
[    0.019361] ACPI: MCFG 0x00000000BFEE7517 00003C (v01 PTLTD  $PCITBL$ 06040000  LTP 00000001)
[    0.019365] ACPI: SRAT 0x00000000BFEE672F 0008D0 (v02 VMWARE MEMPLUG  06040000 VMW  00000001)
[    0.019369] ACPI: HPET 0x00000000BFEE66F7 000038 (v01 VMWARE VMW HPET 06040000 VMW  00000001)
[    0.019373] ACPI: WAET 0x00000000BFEE66CF 000028 (v01 VMWARE VMW WAET 06040000 VMW  00000001)
[    0.019376] ACPI: Reserving FACP table memory at [mem 0xbfefee73-0xbfefef66]
[    0.019377] ACPI: Reserving DSDT table memory at [mem 0xbfee7cbd-0xbfefee72]
[    0.019377] ACPI: Reserving FACS table memory at [mem 0xbfefffc0-0xbfefffff]
[    0.019378] ACPI: Reserving FACS table memory at [mem 0xbfefffc0-0xbfefffff]
[    0.019379] ACPI: Reserving BOOT table memory at [mem 0xbfee7c95-0xbfee7cbc]
[    0.019379] ACPI: Reserving APIC table memory at [mem 0xbfee7553-0xbfee7c94]
[    0.019380] ACPI: Reserving MCFG table memory at [mem 0xbfee7517-0xbfee7552]
[    0.019380] ACPI: Reserving SRAT table memory at [mem 0xbfee672f-0xbfee6ffe]
[    0.019381] ACPI: Reserving HPET table memory at [mem 0xbfee66f7-0xbfee672e]
[    0.019382] ACPI: Reserving WAET table memory at [mem 0xbfee66cf-0xbfee66f6]
[    0.019435] ACPI: Local APIC address 0xfee00000
[    0.019458] system APIC only can use physical flat
[    0.019458] Setting APIC routing to physical flat.
[    0.019544] SRAT: PXM 0 -> APIC 0x00 -> Node 0
[    0.019545] SRAT: PXM 0 -> APIC 0x02 -> Node 0
[    0.019546] SRAT: PXM 0 -> APIC 0x04 -> Node 0
[    0.019546] SRAT: PXM 0 -> APIC 0x06 -> Node 0
[    0.019547] SRAT: PXM 0 -> APIC 0x08 -> Node 0
[    0.019548] SRAT: PXM 0 -> APIC 0x0a -> Node 0
[    0.019548] SRAT: PXM 0 -> APIC 0x0c -> Node 0
[    0.019549] SRAT: PXM 0 -> APIC 0x0e -> Node 0
[    0.019550] SRAT: PXM 0 -> APIC 0x10 -> Node 0
[    0.019551] SRAT: PXM 0 -> APIC 0x12 -> Node 0
[    0.019551] SRAT: PXM 0 -> APIC 0x14 -> Node 0
[    0.019552] SRAT: PXM 0 -> APIC 0x16 -> Node 0
[    0.019553] SRAT: PXM 0 -> APIC 0x18 -> Node 0
[    0.019554] SRAT: PXM 0 -> APIC 0x1a -> Node 0
[    0.019554] SRAT: PXM 0 -> APIC 0x1c -> Node 0
[    0.019555] SRAT: PXM 0 -> APIC 0x1e -> Node 0
[    0.019556] SRAT: PXM 0 -> APIC 0x20 -> Node 0
[    0.019557] SRAT: PXM 0 -> APIC 0x22 -> Node 0
[    0.019557] SRAT: PXM 0 -> APIC 0x24 -> Node 0
[    0.019558] SRAT: PXM 0 -> APIC 0x26 -> Node 0
[    0.019559] SRAT: PXM 0 -> APIC 0x28 -> Node 0
[    0.019559] SRAT: PXM 0 -> APIC 0x2a -> Node 0
[    0.019560] SRAT: PXM 0 -> APIC 0x2c -> Node 0
[    0.019561] SRAT: PXM 0 -> APIC 0x2e -> Node 0
[    0.019562] SRAT: PXM 0 -> APIC 0x30 -> Node 0
[    0.019563] SRAT: PXM 0 -> APIC 0x32 -> Node 0
[    0.019563] SRAT: PXM 0 -> APIC 0x34 -> Node 0
[    0.019564] SRAT: PXM 0 -> APIC 0x36 -> Node 0
[    0.019565] SRAT: PXM 0 -> APIC 0x38 -> Node 0
[    0.019565] SRAT: PXM 0 -> APIC 0x3a -> Node 0
[    0.019566] SRAT: PXM 0 -> APIC 0x3c -> Node 0
[    0.019566] SRAT: PXM 0 -> APIC 0x3e -> Node 0
[    0.019567] SRAT: PXM 0 -> APIC 0x40 -> Node 0
[    0.019568] SRAT: PXM 0 -> APIC 0x42 -> Node 0
[    0.019568] SRAT: PXM 0 -> APIC 0x44 -> Node 0
[    0.019569] SRAT: PXM 0 -> APIC 0x46 -> Node 0
[    0.019569] SRAT: PXM 0 -> APIC 0x48 -> Node 0
[    0.019570] SRAT: PXM 0 -> APIC 0x4a -> Node 0
[    0.019570] SRAT: PXM 0 -> APIC 0x4c -> Node 0
[    0.019571] SRAT: PXM 0 -> APIC 0x4e -> Node 0
[    0.019571] SRAT: PXM 0 -> APIC 0x50 -> Node 0
[    0.019572] SRAT: PXM 0 -> APIC 0x52 -> Node 0
[    0.019573] SRAT: PXM 0 -> APIC 0x54 -> Node 0
[    0.019573] SRAT: PXM 0 -> APIC 0x56 -> Node 0
[    0.019573] SRAT: PXM 0 -> APIC 0x58 -> Node 0
[    0.019574] SRAT: PXM 0 -> APIC 0x5a -> Node 0
[    0.019575] SRAT: PXM 0 -> APIC 0x5c -> Node 0
[    0.019575] SRAT: PXM 0 -> APIC 0x5e -> Node 0
[    0.019575] SRAT: PXM 0 -> APIC 0x60 -> Node 0
[    0.019576] SRAT: PXM 0 -> APIC 0x62 -> Node 0
[    0.019577] SRAT: PXM 0 -> APIC 0x64 -> Node 0
[    0.019577] SRAT: PXM 0 -> APIC 0x66 -> Node 0
[    0.019577] SRAT: PXM 0 -> APIC 0x68 -> Node 0
[    0.019578] SRAT: PXM 0 -> APIC 0x6a -> Node 0
[    0.019579] SRAT: PXM 0 -> APIC 0x6c -> Node 0
[    0.019579] SRAT: PXM 0 -> APIC 0x6e -> Node 0
[    0.019580] SRAT: PXM 0 -> APIC 0x70 -> Node 0
[    0.019580] SRAT: PXM 0 -> APIC 0x72 -> Node 0
[    0.019581] SRAT: PXM 0 -> APIC 0x74 -> Node 0
[    0.019581] SRAT: PXM 0 -> APIC 0x76 -> Node 0
[    0.019582] SRAT: PXM 0 -> APIC 0x78 -> Node 0
[    0.019582] SRAT: PXM 0 -> APIC 0x7a -> Node 0
[    0.019582] SRAT: PXM 0 -> APIC 0x7c -> Node 0
[    0.019583] SRAT: PXM 0 -> APIC 0x7e -> Node 0
[    0.019583] SRAT: PXM 0 -> APIC 0x80 -> Node 0
[    0.019584] SRAT: PXM 0 -> APIC 0x82 -> Node 0
[    0.019584] SRAT: PXM 0 -> APIC 0x84 -> Node 0
[    0.019585] SRAT: PXM 0 -> APIC 0x86 -> Node 0
[    0.019585] SRAT: PXM 0 -> APIC 0x88 -> Node 0
[    0.019586] SRAT: PXM 0 -> APIC 0x8a -> Node 0
[    0.019586] SRAT: PXM 0 -> APIC 0x8c -> Node 0
[    0.019587] SRAT: PXM 0 -> APIC 0x8e -> Node 0
[    0.019587] SRAT: PXM 0 -> APIC 0x90 -> Node 0
[    0.019588] SRAT: PXM 0 -> APIC 0x92 -> Node 0
[    0.019588] SRAT: PXM 0 -> APIC 0x94 -> Node 0
[    0.019589] SRAT: PXM 0 -> APIC 0x96 -> Node 0
[    0.019589] SRAT: PXM 0 -> APIC 0x98 -> Node 0
[    0.019590] SRAT: PXM 0 -> APIC 0x9a -> Node 0
[    0.019590] SRAT: PXM 0 -> APIC 0x9c -> Node 0
[    0.019591] SRAT: PXM 0 -> APIC 0x9e -> Node 0
[    0.019591] SRAT: PXM 0 -> APIC 0xa0 -> Node 0
[    0.019592] SRAT: PXM 0 -> APIC 0xa2 -> Node 0
[    0.019592] SRAT: PXM 0 -> APIC 0xa4 -> Node 0
[    0.019593] SRAT: PXM 0 -> APIC 0xa6 -> Node 0
[    0.019593] SRAT: PXM 0 -> APIC 0xa8 -> Node 0
[    0.019593] SRAT: PXM 0 -> APIC 0xaa -> Node 0
[    0.019594] SRAT: PXM 0 -> APIC 0xac -> Node 0
[    0.019594] SRAT: PXM 0 -> APIC 0xae -> Node 0
[    0.019595] SRAT: PXM 0 -> APIC 0xb0 -> Node 0
[    0.019595] SRAT: PXM 0 -> APIC 0xb2 -> Node 0
[    0.019596] SRAT: PXM 0 -> APIC 0xb4 -> Node 0
[    0.019596] SRAT: PXM 0 -> APIC 0xb6 -> Node 0
[    0.019597] SRAT: PXM 0 -> APIC 0xb8 -> Node 0
[    0.019597] SRAT: PXM 0 -> APIC 0xba -> Node 0
[    0.019598] SRAT: PXM 0 -> APIC 0xbc -> Node 0
[    0.019598] SRAT: PXM 0 -> APIC 0xbe -> Node 0
[    0.019599] SRAT: PXM 0 -> APIC 0xc0 -> Node 0
[    0.019599] SRAT: PXM 0 -> APIC 0xc2 -> Node 0
[    0.019600] SRAT: PXM 0 -> APIC 0xc4 -> Node 0
[    0.019600] SRAT: PXM 0 -> APIC 0xc6 -> Node 0
[    0.019601] SRAT: PXM 0 -> APIC 0xc8 -> Node 0
[    0.019601] SRAT: PXM 0 -> APIC 0xca -> Node 0
[    0.019601] SRAT: PXM 0 -> APIC 0xcc -> Node 0
[    0.019602] SRAT: PXM 0 -> APIC 0xce -> Node 0
[    0.019602] SRAT: PXM 0 -> APIC 0xd0 -> Node 0
[    0.019603] SRAT: PXM 0 -> APIC 0xd2 -> Node 0
[    0.019603] SRAT: PXM 0 -> APIC 0xd4 -> Node 0
[    0.019604] SRAT: PXM 0 -> APIC 0xd6 -> Node 0
[    0.019604] SRAT: PXM 0 -> APIC 0xd8 -> Node 0
[    0.019605] SRAT: PXM 0 -> APIC 0xda -> Node 0
[    0.019605] SRAT: PXM 0 -> APIC 0xdc -> Node 0
[    0.019606] SRAT: PXM 0 -> APIC 0xde -> Node 0
[    0.019606] SRAT: PXM 0 -> APIC 0xe0 -> Node 0
[    0.019607] SRAT: PXM 0 -> APIC 0xe2 -> Node 0
[    0.019607] SRAT: PXM 0 -> APIC 0xe4 -> Node 0
[    0.019608] SRAT: PXM 0 -> APIC 0xe6 -> Node 0
[    0.019608] SRAT: PXM 0 -> APIC 0xe8 -> Node 0
[    0.019609] SRAT: PXM 0 -> APIC 0xea -> Node 0
[    0.019609] SRAT: PXM 0 -> APIC 0xec -> Node 0
[    0.019610] SRAT: PXM 0 -> APIC 0xee -> Node 0
[    0.019610] SRAT: PXM 0 -> APIC 0xf0 -> Node 0
[    0.019611] SRAT: PXM 0 -> APIC 0xf2 -> Node 0
[    0.019611] SRAT: PXM 0 -> APIC 0xf4 -> Node 0
[    0.019612] SRAT: PXM 0 -> APIC 0xf6 -> Node 0
[    0.019612] SRAT: PXM 0 -> APIC 0xf8 -> Node 0
[    0.019613] SRAT: PXM 0 -> APIC 0xfa -> Node 0
[    0.019613] SRAT: PXM 0 -> APIC 0xfc -> Node 0
[    0.019614] SRAT: PXM 0 -> APIC 0xfe -> Node 0
[    0.019618] ACPI: SRAT: Node 0 PXM 0 [mem 0x00000000-0x0009ffff]
[    0.019619] ACPI: SRAT: Node 0 PXM 0 [mem 0x00100000-0xbfffffff]
[    0.019620] ACPI: SRAT: Node 0 PXM 0 [mem 0x100000000-0x23fffffff]
[    0.019621] ACPI: SRAT: Node 0 PXM 0 [mem 0x240000000-0x203fffffff] hotplug
[    0.019624] NUMA: Node 0 [mem 0x00000000-0x0009ffff] + [mem 0x00100000-0xbfffffff] -> [mem 0x00000000-0xbfffffff]
[    0.019625] NUMA: Node 0 [mem 0x00000000-0xbfffffff] + [mem 0x100000000-0x23fffffff] -> [mem 0x00000000-0x23fffffff]
[    0.019634] NODE_DATA(0) allocated [mem 0x23ffd6000-0x23fffffff]
[    0.023242] Zone ranges:
[    0.023245]   DMA      [mem 0x0000000000001000-0x0000000000ffffff]
[    0.023247]   DMA32    [mem 0x0000000001000000-0x00000000ffffffff]
[    0.023249]   Normal   [mem 0x0000000100000000-0x000000023fffffff]
[    0.023251]   Device   empty
[    0.023252] Movable zone start for each node
[    0.023255] Early memory node ranges
[    0.023257]   node   0: [mem 0x0000000000001000-0x000000000009dfff]
[    0.023258]   node   0: [mem 0x0000000000100000-0x00000000bfedffff]
[    0.023259]   node   0: [mem 0x00000000bff00000-0x00000000bfffffff]
[    0.023261]   node   0: [mem 0x0000000100000000-0x000000023fffffff]
[    0.023264] Initmem setup node 0 [mem 0x0000000000001000-0x000000023fffffff]
[    0.023267] On node 0 totalpages: 2097021
[    0.023268]   DMA zone: 64 pages used for memmap
[    0.023269]   DMA zone: 21 pages reserved
[    0.023270]   DMA zone: 3997 pages, LIFO batch:0
[    0.048733]   DMA zone: 28771 pages in unavailable ranges
[    0.048736]   DMA32 zone: 12224 pages used for memmap
[    0.048738]   DMA32 zone: 782304 pages, LIFO batch:63
[    0.817912]   DMA32 zone: 32 pages in unavailable ranges
[    0.817916]   Normal zone: 20480 pages used for memmap
[    0.817918]   Normal zone: 1310720 pages, LIFO batch:63
[    1.976756] ACPI: PM-Timer IO Port: 0x1008
[    1.976760] ACPI: Local APIC address 0xfee00000
[    1.976773] system APIC only can use physical flat
[    1.976792] ACPI: LAPIC_NMI (acpi_id[0x00] high edge lint[0x1])
[    1.976793] ACPI: LAPIC_NMI (acpi_id[0x01] high edge lint[0x1])
[    1.976793] ACPI: LAPIC_NMI (acpi_id[0x02] high edge lint[0x1])
[    1.976794] ACPI: LAPIC_NMI (acpi_id[0x03] high edge lint[0x1])
[    1.976794] ACPI: LAPIC_NMI (acpi_id[0x04] high edge lint[0x1])
[    1.976795] ACPI: LAPIC_NMI (acpi_id[0x05] high edge lint[0x1])
[    1.976796] ACPI: LAPIC_NMI (acpi_id[0x06] high edge lint[0x1])
[    1.976796] ACPI: LAPIC_NMI (acpi_id[0x07] high edge lint[0x1])
[    1.976797] ACPI: LAPIC_NMI (acpi_id[0x08] high edge lint[0x1])
[    1.976797] ACPI: LAPIC_NMI (acpi_id[0x09] high edge lint[0x1])
[    1.976798] ACPI: LAPIC_NMI (acpi_id[0x0a] high edge lint[0x1])
[    1.976798] ACPI: LAPIC_NMI (acpi_id[0x0b] high edge lint[0x1])
[    1.976799] ACPI: LAPIC_NMI (acpi_id[0x0c] high edge lint[0x1])
[    1.976799] ACPI: LAPIC_NMI (acpi_id[0x0d] high edge lint[0x1])
[    1.976800] ACPI: LAPIC_NMI (acpi_id[0x0e] high edge lint[0x1])
[    1.976800] ACPI: LAPIC_NMI (acpi_id[0x0f] high edge lint[0x1])
[    1.976801] ACPI: LAPIC_NMI (acpi_id[0x10] high edge lint[0x1])
[    1.976802] ACPI: LAPIC_NMI (acpi_id[0x11] high edge lint[0x1])
[    1.976802] ACPI: LAPIC_NMI (acpi_id[0x12] high edge lint[0x1])
[    1.976803] ACPI: LAPIC_NMI (acpi_id[0x13] high edge lint[0x1])
[    1.976803] ACPI: LAPIC_NMI (acpi_id[0x14] high edge lint[0x1])
[    1.976804] ACPI: LAPIC_NMI (acpi_id[0x15] high edge lint[0x1])
[    1.976805] ACPI: LAPIC_NMI (acpi_id[0x16] high edge lint[0x1])
[    1.976805] ACPI: LAPIC_NMI (acpi_id[0x17] high edge lint[0x1])
[    1.976806] ACPI: LAPIC_NMI (acpi_id[0x18] high edge lint[0x1])
[    1.976807] ACPI: LAPIC_NMI (acpi_id[0x19] high edge lint[0x1])
[    1.976807] ACPI: LAPIC_NMI (acpi_id[0x1a] high edge lint[0x1])
[    1.976808] ACPI: LAPIC_NMI (acpi_id[0x1b] high edge lint[0x1])
[    1.976808] ACPI: LAPIC_NMI (acpi_id[0x1c] high edge lint[0x1])
[    1.976809] ACPI: LAPIC_NMI (acpi_id[0x1d] high edge lint[0x1])
[    1.976809] ACPI: LAPIC_NMI (acpi_id[0x1e] high edge lint[0x1])
[    1.976810] ACPI: LAPIC_NMI (acpi_id[0x1f] high edge lint[0x1])
[    1.976810] ACPI: LAPIC_NMI (acpi_id[0x20] high edge lint[0x1])
[    1.976811] ACPI: LAPIC_NMI (acpi_id[0x21] high edge lint[0x1])
[    1.976811] ACPI: LAPIC_NMI (acpi_id[0x22] high edge lint[0x1])
[    1.976812] ACPI: LAPIC_NMI (acpi_id[0x23] high edge lint[0x1])
[    1.976812] ACPI: LAPIC_NMI (acpi_id[0x24] high edge lint[0x1])
[    1.976813] ACPI: LAPIC_NMI (acpi_id[0x25] high edge lint[0x1])
[    1.976813] ACPI: LAPIC_NMI (acpi_id[0x26] high edge lint[0x1])
[    1.976814] ACPI: LAPIC_NMI (acpi_id[0x27] high edge lint[0x1])
[    1.976814] ACPI: LAPIC_NMI (acpi_id[0x28] high edge lint[0x1])
[    1.976815] ACPI: LAPIC_NMI (acpi_id[0x29] high edge lint[0x1])
[    1.976816] ACPI: LAPIC_NMI (acpi_id[0x2a] high edge lint[0x1])
[    1.976816] ACPI: LAPIC_NMI (acpi_id[0x2b] high edge lint[0x1])
[    1.976817] ACPI: LAPIC_NMI (acpi_id[0x2c] high edge lint[0x1])
[    1.976817] ACPI: LAPIC_NMI (acpi_id[0x2d] high edge lint[0x1])
[    1.976818] ACPI: LAPIC_NMI (acpi_id[0x2e] high edge lint[0x1])
[    1.976818] ACPI: LAPIC_NMI (acpi_id[0x2f] high edge lint[0x1])
[    1.976819] ACPI: LAPIC_NMI (acpi_id[0x30] high edge lint[0x1])
[    1.976819] ACPI: LAPIC_NMI (acpi_id[0x31] high edge lint[0x1])
[    1.976820] ACPI: LAPIC_NMI (acpi_id[0x32] high edge lint[0x1])
[    1.976820] ACPI: LAPIC_NMI (acpi_id[0x33] high edge lint[0x1])
[    1.976821] ACPI: LAPIC_NMI (acpi_id[0x34] high edge lint[0x1])
[    1.976821] ACPI: LAPIC_NMI (acpi_id[0x35] high edge lint[0x1])
[    1.976822] ACPI: LAPIC_NMI (acpi_id[0x36] high edge lint[0x1])
[    1.976822] ACPI: LAPIC_NMI (acpi_id[0x37] high edge lint[0x1])
[    1.976823] ACPI: LAPIC_NMI (acpi_id[0x38] high edge lint[0x1])
[    1.976823] ACPI: LAPIC_NMI (acpi_id[0x39] high edge lint[0x1])
[    1.976824] ACPI: LAPIC_NMI (acpi_id[0x3a] high edge lint[0x1])
[    1.976825] ACPI: LAPIC_NMI (acpi_id[0x3b] high edge lint[0x1])
[    1.976825] ACPI: LAPIC_NMI (acpi_id[0x3c] high edge lint[0x1])
[    1.976826] ACPI: LAPIC_NMI (acpi_id[0x3d] high edge lint[0x1])
[    1.976826] ACPI: LAPIC_NMI (acpi_id[0x3e] high edge lint[0x1])
[    1.976827] ACPI: LAPIC_NMI (acpi_id[0x3f] high edge lint[0x1])
[    1.976827] ACPI: LAPIC_NMI (acpi_id[0x40] high edge lint[0x1])
[    1.976828] ACPI: LAPIC_NMI (acpi_id[0x41] high edge lint[0x1])
[    1.976828] ACPI: LAPIC_NMI (acpi_id[0x42] high edge lint[0x1])
[    1.976829] ACPI: LAPIC_NMI (acpi_id[0x43] high edge lint[0x1])
[    1.976829] ACPI: LAPIC_NMI (acpi_id[0x44] high edge lint[0x1])
[    1.976830] ACPI: LAPIC_NMI (acpi_id[0x45] high edge lint[0x1])
[    1.976830] ACPI: LAPIC_NMI (acpi_id[0x46] high edge lint[0x1])
[    1.976831] ACPI: LAPIC_NMI (acpi_id[0x47] high edge lint[0x1])
[    1.976831] ACPI: LAPIC_NMI (acpi_id[0x48] high edge lint[0x1])
[    1.976832] ACPI: LAPIC_NMI (acpi_id[0x49] high edge lint[0x1])
[    1.976833] ACPI: LAPIC_NMI (acpi_id[0x4a] high edge lint[0x1])
[    1.976833] ACPI: LAPIC_NMI (acpi_id[0x4b] high edge lint[0x1])
[    1.976834] ACPI: LAPIC_NMI (acpi_id[0x4c] high edge lint[0x1])
[    1.976834] ACPI: LAPIC_NMI (acpi_id[0x4d] high edge lint[0x1])
[    1.976835] ACPI: LAPIC_NMI (acpi_id[0x4e] high edge lint[0x1])
[    1.976835] ACPI: LAPIC_NMI (acpi_id[0x4f] high edge lint[0x1])
[    1.976836] ACPI: LAPIC_NMI (acpi_id[0x50] high edge lint[0x1])
[    1.976837] ACPI: LAPIC_NMI (acpi_id[0x51] high edge lint[0x1])
[    1.976837] ACPI: LAPIC_NMI (acpi_id[0x52] high edge lint[0x1])
[    1.976838] ACPI: LAPIC_NMI (acpi_id[0x53] high edge lint[0x1])
[    1.976838] ACPI: LAPIC_NMI (acpi_id[0x54] high edge lint[0x1])
[    1.976839] ACPI: LAPIC_NMI (acpi_id[0x55] high edge lint[0x1])
[    1.976840] ACPI: LAPIC_NMI (acpi_id[0x56] high edge lint[0x1])
[    1.976840] ACPI: LAPIC_NMI (acpi_id[0x57] high edge lint[0x1])
[    1.976841] ACPI: LAPIC_NMI (acpi_id[0x58] high edge lint[0x1])
[    1.976841] ACPI: LAPIC_NMI (acpi_id[0x59] high edge lint[0x1])
[    1.976842] ACPI: LAPIC_NMI (acpi_id[0x5a] high edge lint[0x1])
[    1.976842] ACPI: LAPIC_NMI (acpi_id[0x5b] high edge lint[0x1])
[    1.976843] ACPI: LAPIC_NMI (acpi_id[0x5c] high edge lint[0x1])
[    1.976843] ACPI: LAPIC_NMI (acpi_id[0x5d] high edge lint[0x1])
[    1.976844] ACPI: LAPIC_NMI (acpi_id[0x5e] high edge lint[0x1])
[    1.976844] ACPI: LAPIC_NMI (acpi_id[0x5f] high edge lint[0x1])
[    1.976845] ACPI: LAPIC_NMI (acpi_id[0x60] high edge lint[0x1])
[    1.976845] ACPI: LAPIC_NMI (acpi_id[0x61] high edge lint[0x1])
[    1.976846] ACPI: LAPIC_NMI (acpi_id[0x62] high edge lint[0x1])
[    1.976846] ACPI: LAPIC_NMI (acpi_id[0x63] high edge lint[0x1])
[    1.976847] ACPI: LAPIC_NMI (acpi_id[0x64] high edge lint[0x1])
[    1.976847] ACPI: LAPIC_NMI (acpi_id[0x65] high edge lint[0x1])
[    1.976848] ACPI: LAPIC_NMI (acpi_id[0x66] high edge lint[0x1])
[    1.976849] ACPI: LAPIC_NMI (acpi_id[0x67] high edge lint[0x1])
[    1.976849] ACPI: LAPIC_NMI (acpi_id[0x68] high edge lint[0x1])
[    1.976850] ACPI: LAPIC_NMI (acpi_id[0x69] high edge lint[0x1])
[    1.976850] ACPI: LAPIC_NMI (acpi_id[0x6a] high edge lint[0x1])
[    1.976851] ACPI: LAPIC_NMI (acpi_id[0x6b] high edge lint[0x1])
[    1.976851] ACPI: LAPIC_NMI (acpi_id[0x6c] high edge lint[0x1])
[    1.976852] ACPI: LAPIC_NMI (acpi_id[0x6d] high edge lint[0x1])
[    1.976852] ACPI: LAPIC_NMI (acpi_id[0x6e] high edge lint[0x1])
[    1.976853] ACPI: LAPIC_NMI (acpi_id[0x6f] high edge lint[0x1])
[    1.976853] ACPI: LAPIC_NMI (acpi_id[0x70] high edge lint[0x1])
[    1.976854] ACPI: LAPIC_NMI (acpi_id[0x71] high edge lint[0x1])
[    1.976854] ACPI: LAPIC_NMI (acpi_id[0x72] high edge lint[0x1])
[    1.976855] ACPI: LAPIC_NMI (acpi_id[0x73] high edge lint[0x1])
[    1.976855] ACPI: LAPIC_NMI (acpi_id[0x74] high edge lint[0x1])
[    1.976856] ACPI: LAPIC_NMI (acpi_id[0x75] high edge lint[0x1])
[    1.976856] ACPI: LAPIC_NMI (acpi_id[0x76] high edge lint[0x1])
[    1.976857] ACPI: LAPIC_NMI (acpi_id[0x77] high edge lint[0x1])
[    1.976857] ACPI: LAPIC_NMI (acpi_id[0x78] high edge lint[0x1])
[    1.976858] ACPI: LAPIC_NMI (acpi_id[0x79] high edge lint[0x1])
[    1.976859] ACPI: LAPIC_NMI (acpi_id[0x7a] high edge lint[0x1])
[    1.976859] ACPI: LAPIC_NMI (acpi_id[0x7b] high edge lint[0x1])
[    1.976860] ACPI: LAPIC_NMI (acpi_id[0x7c] high edge lint[0x1])
[    1.976860] ACPI: LAPIC_NMI (acpi_id[0x7d] high edge lint[0x1])
[    1.976861] ACPI: LAPIC_NMI (acpi_id[0x7e] high edge lint[0x1])
[    1.976861] ACPI: LAPIC_NMI (acpi_id[0x7f] high edge lint[0x1])
[    1.977010] IOAPIC[0]: apic_id 1, version 32, address 0xfec00000, GSI 0-23
[    1.977016] ACPI: INT_SRC_OVR (bus 0 bus_irq 0 global_irq 2 high edge)
[    1.977019] ACPI: IRQ0 used by override.
[    1.977020] ACPI: IRQ9 used by override.
[    1.977025] Using ACPI (MADT) for SMP configuration information
[    1.977027] ACPI: HPET id: 0x8086af01 base: 0xfed00000
[    1.977033] TSC deadline timer available
[    1.977048] smpboot: Allowing 128 CPUs, 124 hotplug CPUs
[    1.977272] PM: hibernation: Registered nosave memory: [mem 0x00000000-0x00000fff]
[    1.977274] PM: hibernation: Registered nosave memory: [mem 0x0009e000-0x0009efff]
[    1.977274] PM: hibernation: Registered nosave memory: [mem 0x0009f000-0x0009ffff]
[    1.977275] PM: hibernation: Registered nosave memory: [mem 0x000a0000-0x000dbfff]
[    1.977276] PM: hibernation: Registered nosave memory: [mem 0x000dc000-0x000fffff]
[    1.977277] PM: hibernation: Registered nosave memory: [mem 0xbfee0000-0xbfefefff]
[    1.977277] PM: hibernation: Registered nosave memory: [mem 0xbfeff000-0xbfefffff]
[    1.977279] PM: hibernation: Registered nosave memory: [mem 0xc0000000-0xefffffff]
[    1.977279] PM: hibernation: Registered nosave memory: [mem 0xf0000000-0xf7ffffff]
[    1.977280] PM: hibernation: Registered nosave memory: [mem 0xf8000000-0xfebfffff]
[    1.977280] PM: hibernation: Registered nosave memory: [mem 0xfec00000-0xfec0ffff]
[    1.977281] PM: hibernation: Registered nosave memory: [mem 0xfec10000-0xfedfffff]
[    1.977281] PM: hibernation: Registered nosave memory: [mem 0xfee00000-0xfee00fff]
[    1.977282] PM: hibernation: Registered nosave memory: [mem 0xfee01000-0xfffdffff]
[    1.977282] PM: hibernation: Registered nosave memory: [mem 0xfffe0000-0xffffffff]
[    1.977285] [mem 0xc0000000-0xefffffff] available for PCI devices
[    1.977286] Booting paravirtualized kernel on VMware hypervisor
[    1.977290] clocksource: refined-jiffies: mask: 0xffffffff max_cycles: 0xffffffff, max_idle_ns: 7645519600211568 ns
[    1.977299] setup_percpu: NR_CPUS:8192 nr_cpumask_bits:128 nr_cpu_ids:128 nr_node_ids:1
[    2.582308] percpu: Embedded 56 pages/cpu s192512 r8192 d28672 u262144
[    2.582339] pcpu-alloc: s192512 r8192 d28672 u262144 alloc=1*2097152
[    2.582341] pcpu-alloc: [0] 000 001 002 003 004 005 006 007 
[    2.582346] pcpu-alloc: [0] 008 009 010 011 012 013 014 015 
[    2.582350] pcpu-alloc: [0] 016 017 018 019 020 021 022 023 
[    2.582354] pcpu-alloc: [0] 024 025 026 027 028 029 030 031 
[    2.582358] pcpu-alloc: [0] 032 033 034 035 036 037 038 039 
[    2.582363] pcpu-alloc: [0] 040 041 042 043 044 045 046 047 
[    2.582367] pcpu-alloc: [0] 048 049 050 051 052 053 054 055 
[    2.582371] pcpu-alloc: [0] 056 057 058 059 060 061 062 063 
[    2.582375] pcpu-alloc: [0] 064 065 066 067 068 069 070 071 
[    2.582380] pcpu-alloc: [0] 072 073 074 075 076 077 078 079 
[    2.582385] pcpu-alloc: [0] 080 081 082 083 084 085 086 087 
[    2.582389] pcpu-alloc: [0] 088 089 090 091 092 093 094 095 
[    2.582393] pcpu-alloc: [0] 096 097 098 099 100 101 102 103 
[    2.582398] pcpu-alloc: [0] 104 105 106 107 108 109 110 111 
[    2.582402] pcpu-alloc: [0] 112 113 114 115 116 117 118 119 
[    2.582407] pcpu-alloc: [0] 120 121 122 123 124 125 126 127 
[    2.582698] Built 1 zonelists, mobility grouping on.  Total pages: 2064232
[    2.582700] Policy zone: Normal
[    2.582703] Kernel command line: BOOT_IMAGE=/boot/vmlinuz-5.8.0-63-generic root=UUID=877e1867-02f1-46cd-b135-28e5fb0a7646 ro quiet splash
[    2.582965] printk: log_buf_len individual max cpu contribution: 4096 bytes
[    2.582966] printk: log_buf_len total cpu_extra contributions: 520192 bytes
[    2.582967] printk: log_buf_len min size: 262144 bytes
[    2.603510] printk: log_buf_len: 1048576 bytes
[    2.603513] printk: early log buf free: 223476(85%)
[    2.755749] Dentry cache hash table entries: 1048576 (order: 11, 8388608 bytes, linear)
[    2.814282] Inode-cache hash table entries: 524288 (order: 10, 4194304 bytes, linear)
[    2.819358] mem auto-init: stack:off, heap alloc:on, heap free:off
[    3.278383] Memory: 8063108K/8388084K available (14339K kernel code, 2538K rwdata, 5456K rodata, 2648K init, 4912K bss, 324976K reserved, 0K cma-reserved)
[    3.278394] random: get_random_u64 called from kmem_cache_open+0x29/0x410 with crng_init=0
[    3.281193] SLUB: HWalign=64, Order=0-3, MinObjects=0, CPUs=128, Nodes=1
[    3.281493] Kernel/User page tables isolation: enabled
[    3.282815] ftrace: allocating 46483 entries in 182 pages
[    3.321975] ftrace: allocated 182 pages with 5 groups
[    3.327239] rcu: Hierarchical RCU implementation.
[    3.327242] rcu: 	RCU restricting CPUs from NR_CPUS=8192 to nr_cpu_ids=128.
[    3.327243] 	Trampoline variant of Tasks RCU enabled.
[    3.327244] 	Rude variant of Tasks RCU enabled.
[    3.327244] 	Tracing variant of Tasks RCU enabled.
[    3.327245] rcu: RCU calculated value of scheduler-enlistment delay is 25 jiffies.
[    3.327245] rcu: Adjusting geometry for rcu_fanout_leaf=16, nr_cpu_ids=128
[    3.334369] NR_IRQS: 524544, nr_irqs: 1448, preallocated irqs: 16
[    3.336672] random: crng done (trusting CPU's manufacturer)
[    3.353211] Console: colour VGA+ 80x25
[    3.353228] printk: console [tty0] enabled
[    3.353718] ACPI: Core revision 20200528
[    3.362633] clocksource: hpet: mask: 0xffffffff max_cycles: 0xffffffff, max_idle_ns: 133484882848 ns
[    3.363016] APIC: Switch to symmetric I/O mode setup
[    3.364549] x2apic enabled
[    3.369321] Switched APIC routing to physical x2apic.
[    3.382737] ..TIMER: vector=0x30 apic1=0 pin1=2 apic2=-1 pin2=-1
[    3.382921] clocksource: tsc-early: mask: 0xffffffffffffffff max_cycles: 0x211350aecf9, max_idle_ns: 440795286341 ns
[    3.382937] Calibrating delay loop (skipped) preset value.. 4589.21 BogoMIPS (lpj=9178436)
[    3.382942] pid_max: default: 131072 minimum: 1024
[    3.387051] LSM: Security Framework initializing
[    3.387080] Yama: becoming mindful.
[    3.388463] AppArmor: AppArmor initialized
[    3.391487] Mount-cache hash table entries: 16384 (order: 5, 131072 bytes, linear)
[    3.396923] Mountpoint-cache hash table entries: 16384 (order: 5, 131072 bytes, linear)
[    3.403991] Disabled fast string operations
[    3.405666] Last level iTLB entries: 4KB 64, 2MB 8, 4MB 8
[    3.405669] Last level dTLB entries: 4KB 64, 2MB 0, 4MB 0, 1GB 4
[    3.405677] Spectre V1 : Mitigation: usercopy/swapgs barriers and __user pointer sanitization
[    3.405679] Spectre V2 : Mitigation: Full generic retpoline
[    3.405680] Spectre V2 : Spectre v2 / SpectreRSB mitigation: Filling RSB on context switch
[    3.405681] Speculative Store Bypass: Vulnerable
[    3.405686] MDS: Vulnerable: Clear CPU buffers attempted, no microcode
[    3.406057] Freeing SMP alternatives memory: 40K
[    3.440305] smpboot: CPU0: Intel(R) Xeon(R) Gold 6140 CPU @ 2.30GHz (family: 0x6, model: 0x55, stepping: 0x4)
[    3.442930] Performance Events: Skylake events, core PMU driver.
[    3.442930] core: CPUID marked event: 'cpu cycles' unavailable
[    3.442930] core: CPUID marked event: 'instructions' unavailable
[    3.442930] core: CPUID marked event: 'bus cycles' unavailable
[    3.442930] core: CPUID marked event: 'cache references' unavailable
[    3.442930] core: CPUID marked event: 'cache misses' unavailable
[    3.442930] core: CPUID marked event: 'branch instructions' unavailable
[    3.442930] core: CPUID marked event: 'branch misses' unavailable
[    3.442930] ... version:                1
[    3.442930] ... bit width:              48
[    3.442930] ... generic registers:      4
[    3.442930] ... value mask:             0000ffffffffffff
[    3.442930] ... max period:             000000007fffffff
[    3.442930] ... fixed-purpose events:   0
[    3.442930] ... event mask:             000000000000000f
[    3.443031] rcu: Hierarchical SRCU implementation.
[    3.447433] NMI watchdog: Perf NMI watchdog permanently disabled
[    3.515398] smp: Bringing up secondary CPUs ...
[    3.518658] x86: Booting SMP configuration:
[    3.518660] .... node  #0, CPUs:          #1
[    0.046369] Disabled fast string operations
[    0.046369] smpboot: CPU 1 Converting physical 2 to logical package 1
[    0.046369] smpboot: CPU 1 Converting physical 0 to logical die 1
[    3.526348]    #2
[    0.046369] Disabled fast string operations
[    0.046369] smpboot: CPU 2 Converting physical 4 to logical package 2
[    0.046369] smpboot: CPU 2 Converting physical 0 to logical die 2
[    3.536335]    #3
[    0.046369] Disabled fast string operations
[    0.046369] smpboot: CPU 3 Converting physical 6 to logical package 3
[    0.046369] smpboot: CPU 3 Converting physical 0 to logical die 3
[    3.540647] smp: Brought up 1 node, 4 CPUs
[    3.540647] smpboot: Max logical packages: 128
[    3.540647] smpboot: Total of 4 processors activated (18356.87 BogoMIPS)
[    3.546948] devtmpfs: initialized
[    3.547162] x86/mm: Memory block size: 128MB
[    3.556624] PM: Registering ACPI NVS region [mem 0xbfeff000-0xbfefffff] (4096 bytes)
[    3.559089] clocksource: jiffies: mask: 0xffffffff max_cycles: 0xffffffff, max_idle_ns: 7645041785100000 ns
[    3.586245] futex hash table entries: 32768 (order: 9, 2097152 bytes, linear)
[    3.586930] pinctrl core: initialized pinctrl subsystem
[    3.587497] PM: RTC time: 14:20:37, date: 2021-07-26
[    3.587500] thermal_sys: Registered thermal governor 'fair_share'
[    3.587501] thermal_sys: Registered thermal governor 'bang_bang'
[    3.587501] thermal_sys: Registered thermal governor 'step_wise'
[    3.587502] thermal_sys: Registered thermal governor 'user_space'
[    3.587503] thermal_sys: Registered thermal governor 'power_allocator'
[    3.589750] NET: Registered protocol family 16
[    3.605178] DMA: preallocated 1024 KiB GFP_KERNEL pool for atomic allocations
[    3.607155] DMA: preallocated 1024 KiB GFP_KERNEL|GFP_DMA pool for atomic allocations
[    3.621787] DMA: preallocated 1024 KiB GFP_KERNEL|GFP_DMA32 pool for atomic allocations
[    3.621809] audit: initializing netlink subsys (disabled)
[    3.622183] audit: type=2000 audit(1627309237.240:1): state=initialized audit_enabled=0 res=1
[    3.623437] EISA bus registered
[    3.624502] cpuidle: using governor ladder
[    3.624502] cpuidle: using governor menu
[    3.624502] Simple Boot Flag at 0x36 set to 0x80
[    3.624502] ACPI: bus type PCI registered
[    3.624502] acpiphp: ACPI Hot Plug PCI Controller Driver version: 0.5
[    3.626946] PCI: MMCONFIG for domain 0000 [bus 00-7f] at [mem 0xf0000000-0xf7ffffff] (base 0xf0000000)
[    3.626950] PCI: MMCONFIG at [mem 0xf0000000-0xf7ffffff] reserved in E820
[    3.626962] pmd_set_huge: Cannot satisfy [mem 0xf0000000-0xf0200000] with a huge-page mapping due to MTRR override.
[    3.631332] PCI: Using configuration type 1 for base access
[    3.639910] HugeTLB registered 1.00 GiB page size, pre-allocated 0 pages
[    3.639910] HugeTLB registered 2.00 MiB page size, pre-allocated 0 pages
[    3.723965] ACPI: Added _OSI(Module Device)
[    3.723965] ACPI: Added _OSI(Processor Device)
[    3.723965] ACPI: Added _OSI(3.0 _SCP Extensions)
[    3.723965] ACPI: Added _OSI(Processor Aggregator Device)
[    3.723965] ACPI: Added _OSI(Linux-Dell-Video)
[    3.723965] ACPI: Added _OSI(Linux-Lenovo-NV-HDMI-Audio)
[    3.723965] ACPI: Added _OSI(Linux-HPI-Hybrid-Graphics)
[    3.766930] ACPI: 1 ACPI AML tables successfully acquired and loaded
[    3.772179] ACPI: [Firmware Bug]: BIOS _OSI(Linux) query ignored
[    3.826930] ACPI: Interpreter enabled
[    3.826930] ACPI: (supports S0 S1 S4 S5)
[    3.826930] ACPI: Using IOAPIC for interrupt routing
[    3.826930] PCI: Using host bridge windows from ACPI; if necessary, use "pci=nocrs" and report a bug
[    3.828344] ACPI: Enabled 4 GPEs in block 00 to 0F
[    4.046132] ACPI: PCI Root Bridge [PCI0] (domain 0000 [bus 00-7f])
[    4.046146] acpi PNP0A03:00: _OSC: OS supports [ExtendedConfig ASPM ClockPM Segments MSI HPX-Type3]
[    4.046493] acpi PNP0A03:00: _OSC: platform does not support [AER LTR]
[    4.046909] acpi PNP0A03:00: _OSC: OS now controls [PCIeHotplug SHPCHotplug PME PCIeCapability]
[    4.050930] PCI host bridge to bus 0000:00
[    4.050930] pci_bus 0000:00: root bus resource [mem 0x000a0000-0x000bffff window]
[    4.050930] pci_bus 0000:00: root bus resource [mem 0x000d0000-0x000d3fff window]
[    4.050930] pci_bus 0000:00: root bus resource [mem 0x000d4000-0x000d7fff window]
[    4.050930] pci_bus 0000:00: root bus resource [mem 0x000d8000-0x000dbfff window]
[    4.050930] pci_bus 0000:00: root bus resource [mem 0xc0000000-0xfebfffff window]
[    4.050930] pci_bus 0000:00: root bus resource [io  0x0000-0x0cf7 window]
[    4.050930] pci_bus 0000:00: root bus resource [io  0x0d00-0xfeff window]
[    4.050930] pci_bus 0000:00: root bus resource [bus 00-7f]
[    4.051035] pci 0000:00:00.0: [8086:7190] type 00 class 0x060000
[    4.054257] pci 0000:00:01.0: [8086:7191] type 01 class 0x060400
[    4.062873] pci 0000:00:07.0: [8086:7110] type 00 class 0x060100
[    4.062873] pci 0000:00:07.1: [8086:7111] type 00 class 0x01018a
[    4.062930] pci 0000:00:07.1: reg 0x20: [io  0x1060-0x106f]
[    4.067037] pci 0000:00:07.1: legacy IDE quirk: reg 0x10: [io  0x01f0-0x01f7]
[    4.067039] pci 0000:00:07.1: legacy IDE quirk: reg 0x14: [io  0x03f6]
[    4.067040] pci 0000:00:07.1: legacy IDE quirk: reg 0x18: [io  0x0170-0x0177]
[    4.067041] pci 0000:00:07.1: legacy IDE quirk: reg 0x1c: [io  0x0376]
[    4.068059] pci 0000:00:07.3: [8086:7113] type 00 class 0x068000
[    4.073099] pci 0000:00:07.3: quirk: [io  0x1000-0x103f] claimed by PIIX4 ACPI
[    4.073131] pci 0000:00:07.3: quirk: [io  0x1040-0x104f] claimed by PIIX4 SMB
[    4.074254] pci 0000:00:07.7: [15ad:0740] type 00 class 0x088000
[    4.079743] pci 0000:00:07.7: reg 0x10: [io  0x1080-0x10bf]
[    4.081758] pci 0000:00:07.7: reg 0x14: [mem 0xfebfe000-0xfebfffff 64bit]
[    4.098930] pci 0000:00:0f.0: [15ad:0405] type 00 class 0x030000
[    4.106951] pci 0000:00:0f.0: reg 0x10: [io  0x1070-0x107f]
[    4.110987] pci 0000:00:0f.0: reg 0x14: [mem 0xe8000000-0xefffffff pref]
[    4.118951] pci 0000:00:0f.0: reg 0x18: [mem 0xfe000000-0xfe7fffff]
[    4.142954] pci 0000:00:0f.0: reg 0x30: [mem 0x00000000-0x00007fff pref]
[    4.147394] pci 0000:00:10.0: [1000:0030] type 00 class 0x010000
[    4.153602] pci 0000:00:10.0: reg 0x10: [io  0x1400-0x14ff]
[    4.156675] pci 0000:00:10.0: reg 0x14: [mem 0xfeba0000-0xfebbffff 64bit]
[    4.156675] pci 0000:00:10.0: reg 0x1c: [mem 0xfebc0000-0xfebdffff 64bit]
[    4.162426] pci 0000:00:10.0: reg 0x30: [mem 0x00000000-0x00003fff pref]
[    4.166930] pci 0000:00:11.0: [15ad:0790] type 01 class 0x060401
[    4.176697] pci 0000:00:15.0: [15ad:07a0] type 01 class 0x060400
[    4.180521] pci 0000:00:15.0: PME# supported from D0 D3hot D3cold
[    4.182480] pci 0000:00:15.1: [15ad:07a0] type 01 class 0x060400
[    4.182867] pci 0000:00:15.1: PME# supported from D0 D3hot D3cold
[    4.182930] pci 0000:00:15.2: [15ad:07a0] type 01 class 0x060400
[    4.188449] pci 0000:00:15.2: PME# supported from D0 D3hot D3cold
[    4.190723] pci 0000:00:15.3: [15ad:07a0] type 01 class 0x060400
[    4.196229] pci 0000:00:15.3: PME# supported from D0 D3hot D3cold
[    4.198989] pci 0000:00:15.4: [15ad:07a0] type 01 class 0x060400
[    4.202930] pci 0000:00:15.4: PME# supported from D0 D3hot D3cold
[    4.202930] pci 0000:00:15.5: [15ad:07a0] type 01 class 0x060400
[    4.202930] pci 0000:00:15.5: PME# supported from D0 D3hot D3cold
[    4.202930] pci 0000:00:15.6: [15ad:07a0] type 01 class 0x060400
[    4.208756] pci 0000:00:15.6: PME# supported from D0 D3hot D3cold
[    4.211001] pci 0000:00:15.7: [15ad:07a0] type 01 class 0x060400
[    4.218429] pci 0000:00:15.7: PME# supported from D0 D3hot D3cold
[    4.223630] pci 0000:00:16.0: [15ad:07a0] type 01 class 0x060400
[    4.230028] pci 0000:00:16.0: PME# supported from D0 D3hot D3cold
[    4.232052] pci 0000:00:16.1: [15ad:07a0] type 01 class 0x060400
[    4.237710] pci 0000:00:16.1: PME# supported from D0 D3hot D3cold
[    4.240065] pci 0000:00:16.2: [15ad:07a0] type 01 class 0x060400
[    4.244635] pci 0000:00:16.2: PME# supported from D0 D3hot D3cold
[    4.246915] pci 0000:00:16.3: [15ad:07a0] type 01 class 0x060400
[    4.251624] pci 0000:00:16.3: PME# supported from D0 D3hot D3cold
[    4.253201] pci 0000:00:16.4: [15ad:07a0] type 01 class 0x060400
[    4.253821] pci 0000:00:16.4: PME# supported from D0 D3hot D3cold
[    4.254930] pci 0000:00:16.5: [15ad:07a0] type 01 class 0x060400
[    4.261077] pci 0000:00:16.5: PME# supported from D0 D3hot D3cold
[    4.262951] pci 0000:00:16.6: [15ad:07a0] type 01 class 0x060400
[    4.267655] pci 0000:00:16.6: PME# supported from D0 D3hot D3cold
[    4.269786] pci 0000:00:16.7: [15ad:07a0] type 01 class 0x060400
[    4.273557] pci 0000:00:16.7: PME# supported from D0 D3hot D3cold
[    4.274590] pci 0000:00:17.0: [15ad:07a0] type 01 class 0x060400
[    4.281099] pci 0000:00:17.0: PME# supported from D0 D3hot D3cold
[    4.282988] pci 0000:00:17.1: [15ad:07a0] type 01 class 0x060400
[    4.286852] pci 0000:00:17.1: PME# supported from D0 D3hot D3cold
[    4.288757] pci 0000:00:17.2: [15ad:07a0] type 01 class 0x060400
[    4.293714] pci 0000:00:17.2: PME# supported from D0 D3hot D3cold
[    4.293714] pci 0000:00:17.3: [15ad:07a0] type 01 class 0x060400
[    4.294930] pci 0000:00:17.3: PME# supported from D0 D3hot D3cold
[    4.294930] pci 0000:00:17.4: [15ad:07a0] type 01 class 0x060400
[    4.303948] pci 0000:00:17.4: PME# supported from D0 D3hot D3cold
[    4.306388] pci 0000:00:17.5: [15ad:07a0] type 01 class 0x060400
[    4.310566] pci 0000:00:17.5: PME# supported from D0 D3hot D3cold
[    4.310566] pci 0000:00:17.6: [15ad:07a0] type 01 class 0x060400
[    4.310930] pci 0000:00:17.6: PME# supported from D0 D3hot D3cold
[    4.317604] pci 0000:00:17.7: [15ad:07a0] type 01 class 0x060400
[    4.321994] pci 0000:00:17.7: PME# supported from D0 D3hot D3cold
[    4.325734] pci 0000:00:18.0: [15ad:07a0] type 01 class 0x060400
[    4.330083] pci 0000:00:18.0: PME# supported from D0 D3hot D3cold
[    4.330083] pci 0000:00:18.1: [15ad:07a0] type 01 class 0x060400
[    4.330930] pci 0000:00:18.1: PME# supported from D0 D3hot D3cold
[    4.330930] pci 0000:00:18.2: [15ad:07a0] type 01 class 0x060400
[    4.338930] pci 0000:00:18.2: PME# supported from D0 D3hot D3cold
[    4.340584] pci 0000:00:18.3: [15ad:07a0] type 01 class 0x060400
[    4.344802] pci 0000:00:18.3: PME# supported from D0 D3hot D3cold
[    4.346930] pci 0000:00:18.4: [15ad:07a0] type 01 class 0x060400
[    4.347770] pci 0000:00:18.4: PME# supported from D0 D3hot D3cold
[    4.349669] pci 0000:00:18.5: [15ad:07a0] type 01 class 0x060400
[    4.350930] pci 0000:00:18.5: PME# supported from D0 D3hot D3cold
[    4.356135] pci 0000:00:18.6: [15ad:07a0] type 01 class 0x060400
[    4.362930] pci 0000:00:18.6: PME# supported from D0 D3hot D3cold
[    4.365788] pci 0000:00:18.7: [15ad:07a0] type 01 class 0x060400
[    4.370194] pci 0000:00:18.7: PME# supported from D0 D3hot D3cold
[    4.378930] pci_bus 0000:01: extended config space not accessible
[    4.434497] pci 0000:00:01.0: PCI bridge to [bus 01]
[    4.434497] pci_bus 0000:02: extended config space not accessible
[    4.434497] acpiphp: Slot [32] registered
[    4.434497] acpiphp: Slot [33] registered
[    4.434497] acpiphp: Slot [34] registered
[    4.434497] acpiphp: Slot [35] registered
[    4.434497] acpiphp: Slot [36] registered
[    4.434497] acpiphp: Slot [37] registered
[    4.434497] acpiphp: Slot [38] registered
[    4.434497] acpiphp: Slot [39] registered
[    4.434497] acpiphp: Slot [40] registered
[    4.434497] acpiphp: Slot [41] registered
[    4.434497] acpiphp: Slot [42] registered
[    4.434497] acpiphp: Slot [43] registered
[    4.434497] acpiphp: Slot [44] registered
[    4.434497] acpiphp: Slot [45] registered
[    4.434497] acpiphp: Slot [46] registered
[    4.434497] acpiphp: Slot [47] registered
[    4.434497] acpiphp: Slot [48] registered
[    4.434497] acpiphp: Slot [49] registered
[    4.434497] acpiphp: Slot [50] registered
[    4.434497] acpiphp: Slot [51] registered
[    4.434497] acpiphp: Slot [52] registered
[    4.434597] acpiphp: Slot [53] registered
[    4.434660] acpiphp: Slot [54] registered
[    4.434819] acpiphp: Slot [55] registered
[    4.434930] acpiphp: Slot [56] registered
[    4.434930] acpiphp: Slot [57] registered
[    4.434930] acpiphp: Slot [58] registered
[    4.434930] acpiphp: Slot [59] registered
[    4.434930] acpiphp: Slot [60] registered
[    4.434930] acpiphp: Slot [61] registered
[    4.434930] acpiphp: Slot [62] registered
[    4.434930] acpiphp: Slot [63] registered
[    4.434930] pci 0000:02:00.0: [15ad:0774] type 00 class 0x0c0300
[    4.441132] pci 0000:02:00.0: reg 0x20: [io  0x20c0-0x20df]
[    4.447037] pci 0000:02:01.0: [1022:2000] type 00 class 0x020000
[    4.447907] pci 0000:02:01.0: reg 0x10: [io  0x2000-0x207f]
[    4.452503] pci 0000:02:01.0: reg 0x30: [mem 0x00000000-0x0000ffff pref]
[    4.455200] pci 0000:02:02.0: [1274:1371] type 00 class 0x040100
[    4.457322] pci 0000:02:02.0: reg 0x10: [io  0x2080-0x20bf]
[    4.467091] pci 0000:02:03.0: [15ad:0770] type 00 class 0x0c0320
[    4.469998] pci 0000:02:03.0: reg 0x10: [mem 0xfd5ff000-0xfd5fffff]
[    4.489253] pci 0000:02:05.0: [15ad:07e0] type 00 class 0x010601
[    4.506955] pci 0000:02:05.0: reg 0x24: [mem 0xfd5fe000-0xfd5fefff]
[    4.508748] pci 0000:02:05.0: reg 0x30: [mem 0x00000000-0x0000ffff pref]
[    4.508748] pci 0000:02:05.0: PME# supported from D3hot
[    4.550930] pci 0000:00:11.0: PCI bridge to [bus 02] (subtractive decode)
[    4.550930] pci 0000:00:11.0:   bridge window [io  0x2000-0x3fff]
[    4.550930] pci 0000:00:11.0:   bridge window [mem 0xfd500000-0xfdffffff]
[    4.550930] pci 0000:00:11.0:   bridge window [mem 0xe7b00000-0xe7ffffff 64bit pref]
[    4.550930] pci 0000:00:11.0:   bridge window [mem 0x000a0000-0x000bffff window] (subtractive decode)
[    4.550930] pci 0000:00:11.0:   bridge window [mem 0x000d0000-0x000d3fff window] (subtractive decode)
[    4.550930] pci 0000:00:11.0:   bridge window [mem 0x000d4000-0x000d7fff window] (subtractive decode)
[    4.550930] pci 0000:00:11.0:   bridge window [mem 0x000d8000-0x000dbfff window] (subtractive decode)
[    4.550930] pci 0000:00:11.0:   bridge window [mem 0xc0000000-0xfebfffff window] (subtractive decode)
[    4.550930] pci 0000:00:11.0:   bridge window [io  0x0000-0x0cf7 window] (subtractive decode)
[    4.550930] pci 0000:00:11.0:   bridge window [io  0x0d00-0xfeff window] (subtractive decode)
[    4.601409] pci 0000:00:15.0: PCI bridge to [bus 03]
[    4.601528] pci 0000:00:15.0:   bridge window [io  0x4000-0x4fff]
[    4.601615] pci 0000:00:15.0:   bridge window [mem 0xfd400000-0xfd4fffff]
[    4.601786] pci 0000:00:15.0:   bridge window [mem 0xe7a00000-0xe7afffff 64bit pref]
[    4.642930] pci 0000:00:15.1: PCI bridge to [bus 04]
[    4.642930] pci 0000:00:15.1:   bridge window [io  0x8000-0x8fff]
[    4.642930] pci 0000:00:15.1:   bridge window [mem 0xfd000000-0xfd0fffff]
[    4.642930] pci 0000:00:15.1:   bridge window [mem 0xe7600000-0xe76fffff 64bit pref]
[    4.691123] pci 0000:00:15.2: PCI bridge to [bus 05]
[    4.691200] pci 0000:00:15.2:   bridge window [io  0xc000-0xcfff]
[    4.691270] pci 0000:00:15.2:   bridge window [mem 0xfcc00000-0xfccfffff]
[    4.691420] pci 0000:00:15.2:   bridge window [mem 0xe7200000-0xe72fffff 64bit pref]
[    4.730359] pci 0000:00:15.3: PCI bridge to [bus 06]
[    4.730546] pci 0000:00:15.3:   bridge window [mem 0xfc800000-0xfc8fffff]
[    4.730707] pci 0000:00:15.3:   bridge window [mem 0xe6e00000-0xe6efffff 64bit pref]
[    4.766930] pci 0000:00:15.4: PCI bridge to [bus 07]
[    4.767059] pci 0000:00:15.4:   bridge window [mem 0xfc400000-0xfc4fffff]
[    4.767208] pci 0000:00:15.4:   bridge window [mem 0xe6a00000-0xe6afffff 64bit pref]
[    4.804547] pci 0000:00:15.5: PCI bridge to [bus 08]
[    4.804737] pci 0000:00:15.5:   bridge window [mem 0xfc000000-0xfc0fffff]
[    4.804930] pci 0000:00:15.5:   bridge window [mem 0xe6600000-0xe66fffff 64bit pref]
[    4.850534] pci 0000:00:15.6: PCI bridge to [bus 09]
[    4.850801] pci 0000:00:15.6:   bridge window [mem 0xfbc00000-0xfbcfffff]
[    4.850801] pci 0000:00:15.6:   bridge window [mem 0xe6200000-0xe62fffff 64bit pref]
[    4.897653] pci 0000:00:15.7: PCI bridge to [bus 0a]
[    4.897804] pci 0000:00:15.7:   bridge window [mem 0xfb800000-0xfb8fffff]
[    4.897929] pci 0000:00:15.7:   bridge window [mem 0xe5e00000-0xe5efffff 64bit pref]
[    4.948529] pci 0000:00:16.0: PCI bridge to [bus 0b]
[    4.948639] pci 0000:00:16.0:   bridge window [io  0x5000-0x5fff]
[    4.948717] pci 0000:00:16.0:   bridge window [mem 0xfd300000-0xfd3fffff]
[    4.948941] pci 0000:00:16.0:   bridge window [mem 0xe7900000-0xe79fffff 64bit pref]
[    4.994448] pci 0000:00:16.1: PCI bridge to [bus 0c]
[    4.994556] pci 0000:00:16.1:   bridge window [io  0x9000-0x9fff]
[    4.994643] pci 0000:00:16.1:   bridge window [mem 0xfcf00000-0xfcffffff]
[    4.994797] pci 0000:00:16.1:   bridge window [mem 0xe7500000-0xe75fffff 64bit pref]
[    5.038973] pci 0000:00:16.2: PCI bridge to [bus 0d]
[    5.039078] pci 0000:00:16.2:   bridge window [io  0xd000-0xdfff]
[    5.039160] pci 0000:00:16.2:   bridge window [mem 0xfcb00000-0xfcbfffff]
[    5.039319] pci 0000:00:16.2:   bridge window [mem 0xe7100000-0xe71fffff 64bit pref]
[    5.084748] pci 0000:00:16.3: PCI bridge to [bus 0e]
[    5.084973] pci 0000:00:16.3:   bridge window [mem 0xfc700000-0xfc7fffff]
[    5.085110] pci 0000:00:16.3:   bridge window [mem 0xe6d00000-0xe6dfffff 64bit pref]
[    5.127857] pci 0000:00:16.4: PCI bridge to [bus 0f]
[    5.128066] pci 0000:00:16.4:   bridge window [mem 0xfc300000-0xfc3fffff]
[    5.128215] pci 0000:00:16.4:   bridge window [mem 0xe6900000-0xe69fffff 64bit pref]
[    5.163772] pci 0000:00:16.5: PCI bridge to [bus 10]
[    5.163982] pci 0000:00:16.5:   bridge window [mem 0xfbf00000-0xfbffffff]
[    5.164129] pci 0000:00:16.5:   bridge window [mem 0xe6500000-0xe65fffff 64bit pref]
[    5.203054] pci 0000:00:16.6: PCI bridge to [bus 11]
[    5.203054] pci 0000:00:16.6:   bridge window [mem 0xfbb00000-0xfbbfffff]
[    5.203054] pci 0000:00:16.6:   bridge window [mem 0xe6100000-0xe61fffff 64bit pref]
[    5.241031] pci 0000:00:16.7: PCI bridge to [bus 12]
[    5.241210] pci 0000:00:16.7:   bridge window [mem 0xfb700000-0xfb7fffff]
[    5.241362] pci 0000:00:16.7:   bridge window [mem 0xe5d00000-0xe5dfffff 64bit pref]
[    5.298597] pci 0000:00:17.0: PCI bridge to [bus 13]
[    5.298695] pci 0000:00:17.0:   bridge window [io  0x6000-0x6fff]
[    5.298919] pci 0000:00:17.0:   bridge window [mem 0xfd200000-0xfd2fffff]
[    5.299065] pci 0000:00:17.0:   bridge window [mem 0xe7800000-0xe78fffff 64bit pref]
[    5.344623] pci 0000:00:17.1: PCI bridge to [bus 14]
[    5.344735] pci 0000:00:17.1:   bridge window [io  0xa000-0xafff]
[    5.344811] pci 0000:00:17.1:   bridge window [mem 0xfce00000-0xfcefffff]
[    5.345020] pci 0000:00:17.1:   bridge window [mem 0xe7400000-0xe74fffff 64bit pref]
[    5.395311] pci 0000:00:17.2: PCI bridge to [bus 15]
[    5.395419] pci 0000:00:17.2:   bridge window [io  0xe000-0xefff]
[    5.395502] pci 0000:00:17.2:   bridge window [mem 0xfca00000-0xfcafffff]
[    5.395661] pci 0000:00:17.2:   bridge window [mem 0xe7000000-0xe70fffff 64bit pref]
[    5.442494] pci 0000:00:17.3: PCI bridge to [bus 16]
[    5.442692] pci 0000:00:17.3:   bridge window [mem 0xfc600000-0xfc6fffff]
[    5.442844] pci 0000:00:17.3:   bridge window [mem 0xe6c00000-0xe6cfffff 64bit pref]
[    5.489291] pci 0000:00:17.4: PCI bridge to [bus 17]
[    5.489482] pci 0000:00:17.4:   bridge window [mem 0xfc200000-0xfc2fffff]
[    5.489645] pci 0000:00:17.4:   bridge window [mem 0xe6800000-0xe68fffff 64bit pref]
[    5.533940] pci 0000:00:17.5: PCI bridge to [bus 18]
[    5.534147] pci 0000:00:17.5:   bridge window [mem 0xfbe00000-0xfbefffff]
[    5.534336] pci 0000:00:17.5:   bridge window [mem 0xe6400000-0xe64fffff 64bit pref]
[    5.580010] pci 0000:00:17.6: PCI bridge to [bus 19]
[    5.580203] pci 0000:00:17.6:   bridge window [mem 0xfba00000-0xfbafffff]
[    5.580547] pci 0000:00:17.6:   bridge window [mem 0xe6000000-0xe60fffff 64bit pref]
[    5.630930] pci 0000:00:17.7: PCI bridge to [bus 1a]
[    5.631081] pci 0000:00:17.7:   bridge window [mem 0xfb600000-0xfb6fffff]
[    5.631247] pci 0000:00:17.7:   bridge window [mem 0xe5c00000-0xe5cfffff 64bit pref]
[    5.691550] pci 0000:00:18.0: PCI bridge to [bus 1b]
[    5.691661] pci 0000:00:18.0:   bridge window [io  0x7000-0x7fff]
[    5.691751] pci 0000:00:18.0:   bridge window [mem 0xfd100000-0xfd1fffff]
[    5.691918] pci 0000:00:18.0:   bridge window [mem 0xe7700000-0xe77fffff 64bit pref]
[    5.741051] pci 0000:00:18.1: PCI bridge to [bus 1c]
[    5.741290] pci 0000:00:18.1:   bridge window [io  0xb000-0xbfff]
[    5.741375] pci 0000:00:18.1:   bridge window [mem 0xfcd00000-0xfcdfffff]
[    5.741546] pci 0000:00:18.1:   bridge window [mem 0xe7300000-0xe73fffff 64bit pref]
[    5.788947] pci 0000:00:18.2: PCI bridge to [bus 1d]
[    5.789133] pci 0000:00:18.2:   bridge window [mem 0xfc900000-0xfc9fffff]
[    5.789295] pci 0000:00:18.2:   bridge window [mem 0xe6f00000-0xe6ffffff 64bit pref]
[    5.825031] pci 0000:00:18.3: PCI bridge to [bus 1e]
[    5.825174] pci 0000:00:18.3:   bridge window [mem 0xfc500000-0xfc5fffff]
[    5.825291] pci 0000:00:18.3:   bridge window [mem 0xe6b00000-0xe6bfffff 64bit pref]
[    5.858930] pci 0000:00:18.4: PCI bridge to [bus 1f]
[    5.859074] pci 0000:00:18.4:   bridge window [mem 0xfc100000-0xfc1fffff]
[    5.859228] pci 0000:00:18.4:   bridge window [mem 0xe6700000-0xe67fffff 64bit pref]
[    5.895951] pci 0000:00:18.5: PCI bridge to [bus 20]
[    5.896146] pci 0000:00:18.5:   bridge window [mem 0xfbd00000-0xfbdfffff]
[    5.896316] pci 0000:00:18.5:   bridge window [mem 0xe6300000-0xe63fffff 64bit pref]
[    5.938730] pci 0000:00:18.6: PCI bridge to [bus 21]
[    5.938950] pci 0000:00:18.6:   bridge window [mem 0xfb900000-0xfb9fffff]
[    5.939115] pci 0000:00:18.6:   bridge window [mem 0xe5f00000-0xe5ffffff 64bit pref]
[    5.978930] pci 0000:00:18.7: PCI bridge to [bus 22]
[    5.979037] pci 0000:00:18.7:   bridge window [mem 0xfb500000-0xfb5fffff]
[    5.979161] pci 0000:00:18.7:   bridge window [mem 0xe5b00000-0xe5bfffff 64bit pref]
[    5.987835] ACPI: PCI Interrupt Link [LNKA] (IRQs 3 4 5 6 7 *9 10 11 14 15)
[    5.988080] ACPI: PCI Interrupt Link [LNKB] (IRQs 3 4 5 6 7 9 10 *11 14 15)
[    5.988287] ACPI: PCI Interrupt Link [LNKC] (IRQs 3 4 5 6 7 9 *10 11 14 15)
[    5.988588] ACPI: PCI Interrupt Link [LNKD] (IRQs 3 4 5 6 *7 9 10 11 14 15)
[    6.032027] iommu: Default domain type: Translated 
[    6.035372] SCSI subsystem initialized
[    6.035970] libata version 3.00 loaded.
[    6.039257] pci 0000:00:0f.0: vgaarb: setting as boot VGA device
[    6.039257] pci 0000:00:0f.0: vgaarb: VGA device added: decodes=io+mem,owns=io+mem,locks=none
[    6.039257] pci 0000:00:0f.0: vgaarb: bridge control possible
[    6.039257] vgaarb: loaded
[    6.039257] ACPI: bus type USB registered
[    6.039257] usbcore: registered new interface driver usbfs
[    6.039407] usbcore: registered new interface driver hub
[    6.039506] usbcore: registered new device driver usb
[    6.039752] pps_core: LinuxPPS API ver. 1 registered
[    6.039754] pps_core: Software ver. 5.3.6 - Copyright 2005-2007 Rodolfo Giometti <giometti@linux.it>
[    6.039759] PTP clock support registered
[    6.039759] EDAC MC: Ver: 3.0.0
[    6.048148] NetLabel: Initializing
[    6.048149] NetLabel:  domain hash size = 128
[    6.048150] NetLabel:  protocols = UNLABELED CIPSOv4 CALIPSO
[    6.048216] NetLabel:  unlabeled traffic allowed by default
[    6.048403] PCI: Using ACPI for IRQ routing
[    6.259202] PCI: pci_cache_line_size set to 64 bytes
[    6.263005] e820: reserve RAM buffer [mem 0x0009e800-0x0009ffff]
[    6.263012] e820: reserve RAM buffer [mem 0xbfee0000-0xbfffffff]
[    6.267482] hpet0: at MMIO 0xfed00000, IRQs 2, 8, 0, 0, 0, 0, 0, 0, 0, 0, 0, 0, 0, 0, 0, 0
[    6.267489] hpet0: 16 comparators, 64-bit 14.318180 MHz counter
[    6.270939] clocksource: Switched to clocksource tsc-early
[    6.469974] VFS: Disk quotas dquot_6.6.0
[    6.470151] VFS: Dquot-cache hash table entries: 512 (order 0, 4096 bytes)
[    6.473019] AppArmor: AppArmor Filesystem Enabled
[    6.473106] pnp: PnP ACPI init
[    6.473646] system 00:00: [io  0x1000-0x103f] has been reserved
[    6.473648] system 00:00: [io  0x1040-0x104f] has been reserved
[    6.473652] system 00:00: [io  0x0cf0-0x0cf1] has been reserved
[    6.473664] system 00:00: Plug and Play ACPI device, IDs PNP0c02 (active)
[    6.473740] pnp 00:01: Plug and Play ACPI device, IDs PNP0b00 (active)
[    6.474149] pnp 00:02: Plug and Play ACPI device, IDs PNP0303 (active)
[    6.474188] pnp 00:03: Plug and Play ACPI device, IDs VMW0003 PNP0f13 (active)
[    6.474949] system 00:04: [mem 0xfed00000-0xfed003ff] has been reserved
[    6.474958] system 00:04: Plug and Play ACPI device, IDs PNP0103 PNP0c01 (active)
[    6.481377] pnp 00:05: Plug and Play ACPI device, IDs PNP0501 (active)
[    6.482831] system 00:06: [io  0xfce0-0xfcff] has been reserved
[    6.482837] system 00:06: [mem 0xf0000000-0xf7ffffff] has been reserved
[    6.482840] system 00:06: [mem 0xfe800000-0xfe9fffff] has been reserved
[    6.482901] system 00:06: Plug and Play ACPI device, IDs PNP0c02 (active)
[    6.512823] pnp: PnP ACPI: found 7 devices
[    6.576888] clocksource: acpi_pm: mask: 0xffffff max_cycles: 0xffffff, max_idle_ns: 2085701024 ns
[    6.577113] NET: Registered protocol family 2
[    6.592686] IP idents hash table entries: 131072 (order: 8, 1048576 bytes, linear)
[    6.622168] tcp_listen_portaddr_hash hash table entries: 4096 (order: 4, 65536 bytes, linear)
[    6.632208] TCP established hash table entries: 65536 (order: 7, 524288 bytes, linear)
[    6.649106] TCP bind hash table entries: 65536 (order: 8, 1048576 bytes, linear)
[    6.649296] TCP: Hash tables configured (established 65536 bind 65536)
[    6.657284] UDP hash table entries: 4096 (order: 5, 131072 bytes, linear)
[    6.659639] UDP-Lite hash table entries: 4096 (order: 5, 131072 bytes, linear)
[    6.663439] NET: Registered protocol family 1
[    6.663452] NET: Registered protocol family 44
[    6.663509] pci 0000:00:15.3: bridge window [io  0x1000-0x0fff] to [bus 06] add_size 1000
[    6.663511] pci 0000:00:15.4: bridge window [io  0x1000-0x0fff] to [bus 07] add_size 1000
[    6.663514] pci 0000:00:15.5: bridge window [io  0x1000-0x0fff] to [bus 08] add_size 1000
[    6.663516] pci 0000:00:15.6: bridge window [io  0x1000-0x0fff] to [bus 09] add_size 1000
[    6.663518] pci 0000:00:15.7: bridge window [io  0x1000-0x0fff] to [bus 0a] add_size 1000
[    6.663523] pci 0000:00:16.3: bridge window [io  0x1000-0x0fff] to [bus 0e] add_size 1000
[    6.663526] pci 0000:00:16.4: bridge window [io  0x1000-0x0fff] to [bus 0f] add_size 1000
[    6.663528] pci 0000:00:16.5: bridge window [io  0x1000-0x0fff] to [bus 10] add_size 1000
[    6.663530] pci 0000:00:16.6: bridge window [io  0x1000-0x0fff] to [bus 11] add_size 1000
[    6.663532] pci 0000:00:16.7: bridge window [io  0x1000-0x0fff] to [bus 12] add_size 1000
[    6.663536] pci 0000:00:17.3: bridge window [io  0x1000-0x0fff] to [bus 16] add_size 1000
[    6.663537] pci 0000:00:17.4: bridge window [io  0x1000-0x0fff] to [bus 17] add_size 1000
[    6.663540] pci 0000:00:17.5: bridge window [io  0x1000-0x0fff] to [bus 18] add_size 1000
[    6.663542] pci 0000:00:17.6: bridge window [io  0x1000-0x0fff] to [bus 19] add_size 1000
[    6.663544] pci 0000:00:17.7: bridge window [io  0x1000-0x0fff] to [bus 1a] add_size 1000
[    6.663621] pci 0000:00:18.2: bridge window [io  0x1000-0x0fff] to [bus 1d] add_size 1000
[    6.663624] pci 0000:00:18.3: bridge window [io  0x1000-0x0fff] to [bus 1e] add_size 1000
[    6.663626] pci 0000:00:18.4: bridge window [io  0x1000-0x0fff] to [bus 1f] add_size 1000
[    6.663628] pci 0000:00:18.5: bridge window [io  0x1000-0x0fff] to [bus 20] add_size 1000
[    6.663630] pci 0000:00:18.6: bridge window [io  0x1000-0x0fff] to [bus 21] add_size 1000
[    6.663632] pci 0000:00:18.7: bridge window [io  0x1000-0x0fff] to [bus 22] add_size 1000
[    6.663709] pci 0000:00:0f.0: BAR 6: assigned [mem 0xc0000000-0xc0007fff pref]
[    6.663713] pci 0000:00:10.0: BAR 6: assigned [mem 0xc0008000-0xc000bfff pref]
[    6.663718] pci 0000:00:15.3: BAR 13: no space for [io  size 0x1000]
[    6.663719] pci 0000:00:15.3: BAR 13: failed to assign [io  size 0x1000]
[    6.663722] pci 0000:00:15.4: BAR 13: no space for [io  size 0x1000]
[    6.663724] pci 0000:00:15.4: BAR 13: failed to assign [io  size 0x1000]
[    6.663726] pci 0000:00:15.5: BAR 13: no space for [io  size 0x1000]
[    6.663728] pci 0000:00:15.5: BAR 13: failed to assign [io  size 0x1000]
[    6.663730] pci 0000:00:15.6: BAR 13: no space for [io  size 0x1000]
[    6.663732] pci 0000:00:15.6: BAR 13: failed to assign [io  size 0x1000]
[    6.663734] pci 0000:00:15.7: BAR 13: no space for [io  size 0x1000]
[    6.663735] pci 0000:00:15.7: BAR 13: failed to assign [io  size 0x1000]
[    6.663738] pci 0000:00:16.3: BAR 13: no space for [io  size 0x1000]
[    6.663739] pci 0000:00:16.3: BAR 13: failed to assign [io  size 0x1000]
[    6.663742] pci 0000:00:16.4: BAR 13: no space for [io  size 0x1000]
[    6.663743] pci 0000:00:16.4: BAR 13: failed to assign [io  size 0x1000]
[    6.663745] pci 0000:00:16.5: BAR 13: no space for [io  size 0x1000]
[    6.663748] pci 0000:00:16.5: BAR 13: failed to assign [io  size 0x1000]
[    6.663751] pci 0000:00:16.6: BAR 13: no space for [io  size 0x1000]
[    6.663753] pci 0000:00:16.6: BAR 13: failed to assign [io  size 0x1000]
[    6.663755] pci 0000:00:16.7: BAR 13: no space for [io  size 0x1000]
[    6.663757] pci 0000:00:16.7: BAR 13: failed to assign [io  size 0x1000]
[    6.663759] pci 0000:00:17.3: BAR 13: no space for [io  size 0x1000]
[    6.663760] pci 0000:00:17.3: BAR 13: failed to assign [io  size 0x1000]
[    6.663763] pci 0000:00:17.4: BAR 13: no space for [io  size 0x1000]
[    6.663764] pci 0000:00:17.4: BAR 13: failed to assign [io  size 0x1000]
[    6.663767] pci 0000:00:17.5: BAR 13: no space for [io  size 0x1000]
[    6.663768] pci 0000:00:17.5: BAR 13: failed to assign [io  size 0x1000]
[    6.663770] pci 0000:00:17.6: BAR 13: no space for [io  size 0x1000]
[    6.663772] pci 0000:00:17.6: BAR 13: failed to assign [io  size 0x1000]
[    6.663774] pci 0000:00:17.7: BAR 13: no space for [io  size 0x1000]
[    6.663775] pci 0000:00:17.7: BAR 13: failed to assign [io  size 0x1000]
[    6.663778] pci 0000:00:18.2: BAR 13: no space for [io  size 0x1000]
[    6.663779] pci 0000:00:18.2: BAR 13: failed to assign [io  size 0x1000]
[    6.663781] pci 0000:00:18.3: BAR 13: no space for [io  size 0x1000]
[    6.663783] pci 0000:00:18.3: BAR 13: failed to assign [io  size 0x1000]
[    6.663785] pci 0000:00:18.4: BAR 13: no space for [io  size 0x1000]
[    6.663787] pci 0000:00:18.4: BAR 13: failed to assign [io  size 0x1000]
[    6.663789] pci 0000:00:18.5: BAR 13: no space for [io  size 0x1000]
[    6.663790] pci 0000:00:18.5: BAR 13: failed to assign [io  size 0x1000]
[    6.663793] pci 0000:00:18.6: BAR 13: no space for [io  size 0x1000]
[    6.663794] pci 0000:00:18.6: BAR 13: failed to assign [io  size 0x1000]
[    6.663796] pci 0000:00:18.7: BAR 13: no space for [io  size 0x1000]
[    6.663798] pci 0000:00:18.7: BAR 13: failed to assign [io  size 0x1000]
[    6.663803] pci 0000:00:18.7: BAR 13: no space for [io  size 0x1000]
[    6.663805] pci 0000:00:18.7: BAR 13: failed to assign [io  size 0x1000]
[    6.663807] pci 0000:00:18.6: BAR 13: no space for [io  size 0x1000]
[    6.663809] pci 0000:00:18.6: BAR 13: failed to assign [io  size 0x1000]
[    6.663811] pci 0000:00:18.5: BAR 13: no space for [io  size 0x1000]
[    6.663812] pci 0000:00:18.5: BAR 13: failed to assign [io  size 0x1000]
[    6.663815] pci 0000:00:18.4: BAR 13: no space for [io  size 0x1000]
[    6.663816] pci 0000:00:18.4: BAR 13: failed to assign [io  size 0x1000]
[    6.663819] pci 0000:00:18.3: BAR 13: no space for [io  size 0x1000]
[    6.663822] pci 0000:00:18.3: BAR 13: failed to assign [io  size 0x1000]
[    6.663825] pci 0000:00:18.2: BAR 13: no space for [io  size 0x1000]
[    6.663861] pci 0000:00:18.2: BAR 13: failed to assign [io  size 0x1000]
[    6.663864] pci 0000:00:17.7: BAR 13: no space for [io  size 0x1000]
[    6.663866] pci 0000:00:17.7: BAR 13: failed to assign [io  size 0x1000]
[    6.663868] pci 0000:00:17.6: BAR 13: no space for [io  size 0x1000]
[    6.663870] pci 0000:00:17.6: BAR 13: failed to assign [io  size 0x1000]
[    6.663873] pci 0000:00:17.5: BAR 13: no space for [io  size 0x1000]
[    6.663874] pci 0000:00:17.5: BAR 13: failed to assign [io  size 0x1000]
[    6.663877] pci 0000:00:17.4: BAR 13: no space for [io  size 0x1000]
[    6.663878] pci 0000:00:17.4: BAR 13: failed to assign [io  size 0x1000]
[    6.663880] pci 0000:00:17.3: BAR 13: no space for [io  size 0x1000]
[    6.663882] pci 0000:00:17.3: BAR 13: failed to assign [io  size 0x1000]
[    6.663884] pci 0000:00:16.7: BAR 13: no space for [io  size 0x1000]
[    6.663885] pci 0000:00:16.7: BAR 13: failed to assign [io  size 0x1000]
[    6.663888] pci 0000:00:16.6: BAR 13: no space for [io  size 0x1000]
[    6.663889] pci 0000:00:16.6: BAR 13: failed to assign [io  size 0x1000]
[    6.663892] pci 0000:00:16.5: BAR 13: no space for [io  size 0x1000]
[    6.663893] pci 0000:00:16.5: BAR 13: failed to assign [io  size 0x1000]
[    6.663895] pci 0000:00:16.4: BAR 13: no space for [io  size 0x1000]
[    6.663897] pci 0000:00:16.4: BAR 13: failed to assign [io  size 0x1000]
[    6.663899] pci 0000:00:16.3: BAR 13: no space for [io  size 0x1000]
[    6.663900] pci 0000:00:16.3: BAR 13: failed to assign [io  size 0x1000]
[    6.663903] pci 0000:00:15.7: BAR 13: no space for [io  size 0x1000]
[    6.663904] pci 0000:00:15.7: BAR 13: failed to assign [io  size 0x1000]
[    6.663907] pci 0000:00:15.6: BAR 13: no space for [io  size 0x1000]
[    6.663908] pci 0000:00:15.6: BAR 13: failed to assign [io  size 0x1000]
[    6.663910] pci 0000:00:15.5: BAR 13: no space for [io  size 0x1000]
[    6.663912] pci 0000:00:15.5: BAR 13: failed to assign [io  size 0x1000]
[    6.663914] pci 0000:00:15.4: BAR 13: no space for [io  size 0x1000]
[    6.663915] pci 0000:00:15.4: BAR 13: failed to assign [io  size 0x1000]
[    6.663918] pci 0000:00:15.3: BAR 13: no space for [io  size 0x1000]
[    6.663919] pci 0000:00:15.3: BAR 13: failed to assign [io  size 0x1000]
[    6.663922] pci 0000:00:01.0: PCI bridge to [bus 01]
[    6.664319] pci 0000:02:01.0: BAR 6: assigned [mem 0xfd500000-0xfd50ffff pref]
[    6.664322] pci 0000:02:05.0: BAR 6: assigned [mem 0xfd510000-0xfd51ffff pref]
[    6.664326] pci 0000:00:11.0: PCI bridge to [bus 02]
[    6.664369] pci 0000:00:11.0:   bridge window [io  0x2000-0x3fff]
[    6.664484] pci 0000:00:11.0:   bridge window [mem 0xfd500000-0xfdffffff]
[    6.664561] pci 0000:00:11.0:   bridge window [mem 0xe7b00000-0xe7ffffff 64bit pref]
[    6.664712] pci 0000:00:15.0: PCI bridge to [bus 03]
[    6.664753] pci 0000:00:15.0:   bridge window [io  0x4000-0x4fff]
[    6.664901] pci 0000:00:15.0:   bridge window [mem 0xfd400000-0xfd4fffff]
[    6.664987] pci 0000:00:15.0:   bridge window [mem 0xe7a00000-0xe7afffff 64bit pref]
[    6.665193] pci 0000:00:15.1: PCI bridge to [bus 04]
[    6.665233] pci 0000:00:15.1:   bridge window [io  0x8000-0x8fff]
[    6.665342] pci 0000:00:15.1:   bridge window [mem 0xfd000000-0xfd0fffff]
[    6.665431] pci 0000:00:15.1:   bridge window [mem 0xe7600000-0xe76fffff 64bit pref]
[    6.665597] pci 0000:00:15.2: PCI bridge to [bus 05]
[    6.665642] pci 0000:00:15.2:   bridge window [io  0xc000-0xcfff]
[    6.665750] pci 0000:00:15.2:   bridge window [mem 0xfcc00000-0xfccfffff]
[    6.665822] pci 0000:00:15.2:   bridge window [mem 0xe7200000-0xe72fffff 64bit pref]
[    6.665986] pci 0000:00:15.3: PCI bridge to [bus 06]
[    6.666094] pci 0000:00:15.3:   bridge window [mem 0xfc800000-0xfc8fffff]
[    6.666166] pci 0000:00:15.3:   bridge window [mem 0xe6e00000-0xe6efffff 64bit pref]
[    6.666322] pci 0000:00:15.4: PCI bridge to [bus 07]
[    6.666430] pci 0000:00:15.4:   bridge window [mem 0xfc400000-0xfc4fffff]
[    6.666501] pci 0000:00:15.4:   bridge window [mem 0xe6a00000-0xe6afffff 64bit pref]
[    6.666657] pci 0000:00:15.5: PCI bridge to [bus 08]
[    6.666762] pci 0000:00:15.5:   bridge window [mem 0xfc000000-0xfc0fffff]
[    6.666834] pci 0000:00:15.5:   bridge window [mem 0xe6600000-0xe66fffff 64bit pref]
[    6.667041] pci 0000:00:15.6: PCI bridge to [bus 09]
[    6.667165] pci 0000:00:15.6:   bridge window [mem 0xfbc00000-0xfbcfffff]
[    6.667239] pci 0000:00:15.6:   bridge window [mem 0xe6200000-0xe62fffff 64bit pref]
[    6.667419] pci 0000:00:15.7: PCI bridge to [bus 0a]
[    6.667530] pci 0000:00:15.7:   bridge window [mem 0xfb800000-0xfb8fffff]
[    6.667604] pci 0000:00:15.7:   bridge window [mem 0xe5e00000-0xe5efffff 64bit pref]
[    6.667764] pci 0000:00:16.0: PCI bridge to [bus 0b]
[    6.667804] pci 0000:00:16.0:   bridge window [io  0x5000-0x5fff]
[    6.667947] pci 0000:00:16.0:   bridge window [mem 0xfd300000-0xfd3fffff]
[    6.668019] pci 0000:00:16.0:   bridge window [mem 0xe7900000-0xe79fffff 64bit pref]
[    6.668190] pci 0000:00:16.1: PCI bridge to [bus 0c]
[    6.668230] pci 0000:00:16.1:   bridge window [io  0x9000-0x9fff]
[    6.668351] pci 0000:00:16.1:   bridge window [mem 0xfcf00000-0xfcffffff]
[    6.668427] pci 0000:00:16.1:   bridge window [mem 0xe7500000-0xe75fffff 64bit pref]
[    6.668593] pci 0000:00:16.2: PCI bridge to [bus 0d]
[    6.668640] pci 0000:00:16.2:   bridge window [io  0xd000-0xdfff]
[    6.668754] pci 0000:00:16.2:   bridge window [mem 0xfcb00000-0xfcbfffff]
[    6.668830] pci 0000:00:16.2:   bridge window [mem 0xe7100000-0xe71fffff 64bit pref]
[    6.669030] pci 0000:00:16.3: PCI bridge to [bus 0e]
[    6.669160] pci 0000:00:16.3:   bridge window [mem 0xfc700000-0xfc7fffff]
[    6.669236] pci 0000:00:16.3:   bridge window [mem 0xe6d00000-0xe6dfffff 64bit pref]
[    6.669511] pci 0000:00:16.4: PCI bridge to [bus 0f]
[    6.669645] pci 0000:00:16.4:   bridge window [mem 0xfc300000-0xfc3fffff]
[    6.669722] pci 0000:00:16.4:   bridge window [mem 0xe6900000-0xe69fffff 64bit pref]
[    6.669893] pci 0000:00:16.5: PCI bridge to [bus 10]
[    6.670007] pci 0000:00:16.5:   bridge window [mem 0xfbf00000-0xfbffffff]
[    6.670084] pci 0000:00:16.5:   bridge window [mem 0xe6500000-0xe65fffff 64bit pref]
[    6.670266] pci 0000:00:16.6: PCI bridge to [bus 11]
[    6.670381] pci 0000:00:16.6:   bridge window [mem 0xfbb00000-0xfbbfffff]
[    6.670457] pci 0000:00:16.6:   bridge window [mem 0xe6100000-0xe61fffff 64bit pref]
[    6.670623] pci 0000:00:16.7: PCI bridge to [bus 12]
[    6.670738] pci 0000:00:16.7:   bridge window [mem 0xfb700000-0xfb7fffff]
[    6.670815] pci 0000:00:16.7:   bridge window [mem 0xe5d00000-0xe5dfffff 64bit pref]
[    6.671111] pci 0000:00:17.0: PCI bridge to [bus 13]
[    6.671152] pci 0000:00:17.0:   bridge window [io  0x6000-0x6fff]
[    6.671267] pci 0000:00:17.0:   bridge window [mem 0xfd200000-0xfd2fffff]
[    6.671343] pci 0000:00:17.0:   bridge window [mem 0xe7800000-0xe78fffff 64bit pref]
[    6.671510] pci 0000:00:17.1: PCI bridge to [bus 14]
[    6.671550] pci 0000:00:17.1:   bridge window [io  0xa000-0xafff]
[    6.671665] pci 0000:00:17.1:   bridge window [mem 0xfce00000-0xfcefffff]
[    6.671742] pci 0000:00:17.1:   bridge window [mem 0xe7400000-0xe74fffff 64bit pref]
[    6.671937] pci 0000:00:17.2: PCI bridge to [bus 15]
[    6.671977] pci 0000:00:17.2:   bridge window [io  0xe000-0xefff]
[    6.672092] pci 0000:00:17.2:   bridge window [mem 0xfca00000-0xfcafffff]
[    6.672169] pci 0000:00:17.2:   bridge window [mem 0xe7000000-0xe70fffff 64bit pref]
[    6.672330] pci 0000:00:17.3: PCI bridge to [bus 16]
[    6.672445] pci 0000:00:17.3:   bridge window [mem 0xfc600000-0xfc6fffff]
[    6.672521] pci 0000:00:17.3:   bridge window [mem 0xe6c00000-0xe6cfffff 64bit pref]
[    6.672701] pci 0000:00:17.4: PCI bridge to [bus 17]
[    6.672816] pci 0000:00:17.4:   bridge window [mem 0xfc200000-0xfc2fffff]
[    6.672928] pci 0000:00:17.4:   bridge window [mem 0xe6800000-0xe68fffff 64bit pref]
[    6.673095] pci 0000:00:17.5: PCI bridge to [bus 18]
[    6.673212] pci 0000:00:17.5:   bridge window [mem 0xfbe00000-0xfbefffff]
[    6.673289] pci 0000:00:17.5:   bridge window [mem 0xe6400000-0xe64fffff 64bit pref]
[    6.673459] pci 0000:00:17.6: PCI bridge to [bus 19]
[    6.673575] pci 0000:00:17.6:   bridge window [mem 0xfba00000-0xfbafffff]
[    6.673660] pci 0000:00:17.6:   bridge window [mem 0xe6000000-0xe60fffff 64bit pref]
[    6.673831] pci 0000:00:17.7: PCI bridge to [bus 1a]
[    6.673976] pci 0000:00:17.7:   bridge window [mem 0xfb600000-0xfb6fffff]
[    6.674054] pci 0000:00:17.7:   bridge window [mem 0xe5c00000-0xe5cfffff 64bit pref]
[    6.674240] pci 0000:00:18.0: PCI bridge to [bus 1b]
[    6.674283] pci 0000:00:18.0:   bridge window [io  0x7000-0x7fff]
[    6.674399] pci 0000:00:18.0:   bridge window [mem 0xfd100000-0xfd1fffff]
[    6.674477] pci 0000:00:18.0:   bridge window [mem 0xe7700000-0xe77fffff 64bit pref]
[    6.674646] pci 0000:00:18.1: PCI bridge to [bus 1c]
[    6.674686] pci 0000:00:18.1:   bridge window [io  0xb000-0xbfff]
[    6.674802] pci 0000:00:18.1:   bridge window [mem 0xfcd00000-0xfcdfffff]
[    6.674906] pci 0000:00:18.1:   bridge window [mem 0xe7300000-0xe73fffff 64bit pref]
[    6.675118] pci 0000:00:18.2: PCI bridge to [bus 1d]
[    6.675233] pci 0000:00:18.2:   bridge window [mem 0xfc900000-0xfc9fffff]
[    6.675309] pci 0000:00:18.2:   bridge window [mem 0xe6f00000-0xe6ffffff 64bit pref]
[    6.675479] pci 0000:00:18.3: PCI bridge to [bus 1e]
[    6.675587] pci 0000:00:18.3:   bridge window [mem 0xfc500000-0xfc5fffff]
[    6.675659] pci 0000:00:18.3:   bridge window [mem 0xe6b00000-0xe6bfffff 64bit pref]
[    6.675816] pci 0000:00:18.4: PCI bridge to [bus 1f]
[    6.675951] pci 0000:00:18.4:   bridge window [mem 0xfc100000-0xfc1fffff]
[    6.676024] pci 0000:00:18.4:   bridge window [mem 0xe6700000-0xe67fffff 64bit pref]
[    6.676181] pci 0000:00:18.5: PCI bridge to [bus 20]
[    6.676302] pci 0000:00:18.5:   bridge window [mem 0xfbd00000-0xfbdfffff]
[    6.676393] pci 0000:00:18.5:   bridge window [mem 0xe6300000-0xe63fffff 64bit pref]
[    6.676562] pci 0000:00:18.6: PCI bridge to [bus 21]
[    6.676686] pci 0000:00:18.6:   bridge window [mem 0xfb900000-0xfb9fffff]
[    6.676763] pci 0000:00:18.6:   bridge window [mem 0xe5f00000-0xe5ffffff 64bit pref]
[    6.676934] pci 0000:00:18.7: PCI bridge to [bus 22]
[    6.677055] pci 0000:00:18.7:   bridge window [mem 0xfb500000-0xfb5fffff]
[    6.677132] pci 0000:00:18.7:   bridge window [mem 0xe5b00000-0xe5bfffff 64bit pref]
[    6.677300] pci_bus 0000:00: resource 4 [mem 0x000a0000-0x000bffff window]
[    6.677302] pci_bus 0000:00: resource 5 [mem 0x000d0000-0x000d3fff window]
[    6.677304] pci_bus 0000:00: resource 6 [mem 0x000d4000-0x000d7fff window]
[    6.677305] pci_bus 0000:00: resource 7 [mem 0x000d8000-0x000dbfff window]
[    6.677307] pci_bus 0000:00: resource 8 [mem 0xc0000000-0xfebfffff window]
[    6.677308] pci_bus 0000:00: resource 9 [io  0x0000-0x0cf7 window]
[    6.677310] pci_bus 0000:00: resource 10 [io  0x0d00-0xfeff window]
[    6.677314] pci_bus 0000:02: resource 0 [io  0x2000-0x3fff]
[    6.677315] pci_bus 0000:02: resource 1 [mem 0xfd500000-0xfdffffff]
[    6.677317] pci_bus 0000:02: resource 2 [mem 0xe7b00000-0xe7ffffff 64bit pref]
[    6.677318] pci_bus 0000:02: resource 4 [mem 0x000a0000-0x000bffff window]
[    6.677319] pci_bus 0000:02: resource 5 [mem 0x000d0000-0x000d3fff window]
[    6.677321] pci_bus 0000:02: resource 6 [mem 0x000d4000-0x000d7fff window]
[    6.677322] pci_bus 0000:02: resource 7 [mem 0x000d8000-0x000dbfff window]
[    6.677324] pci_bus 0000:02: resource 8 [mem 0xc0000000-0xfebfffff window]
[    6.677325] pci_bus 0000:02: resource 9 [io  0x0000-0x0cf7 window]
[    6.677327] pci_bus 0000:02: resource 10 [io  0x0d00-0xfeff window]
[    6.677329] pci_bus 0000:03: resource 0 [io  0x4000-0x4fff]
[    6.677331] pci_bus 0000:03: resource 1 [mem 0xfd400000-0xfd4fffff]
[    6.677332] pci_bus 0000:03: resource 2 [mem 0xe7a00000-0xe7afffff 64bit pref]
[    6.677334] pci_bus 0000:04: resource 0 [io  0x8000-0x8fff]
[    6.677335] pci_bus 0000:04: resource 1 [mem 0xfd000000-0xfd0fffff]
[    6.677337] pci_bus 0000:04: resource 2 [mem 0xe7600000-0xe76fffff 64bit pref]
[    6.677339] pci_bus 0000:05: resource 0 [io  0xc000-0xcfff]
[    6.677340] pci_bus 0000:05: resource 1 [mem 0xfcc00000-0xfccfffff]
[    6.677342] pci_bus 0000:05: resource 2 [mem 0xe7200000-0xe72fffff 64bit pref]
[    6.677344] pci_bus 0000:06: resource 1 [mem 0xfc800000-0xfc8fffff]
[    6.677345] pci_bus 0000:06: resource 2 [mem 0xe6e00000-0xe6efffff 64bit pref]
[    6.677347] pci_bus 0000:07: resource 1 [mem 0xfc400000-0xfc4fffff]
[    6.677349] pci_bus 0000:07: resource 2 [mem 0xe6a00000-0xe6afffff 64bit pref]
[    6.677351] pci_bus 0000:08: resource 1 [mem 0xfc000000-0xfc0fffff]
[    6.677352] pci_bus 0000:08: resource 2 [mem 0xe6600000-0xe66fffff 64bit pref]
[    6.677354] pci_bus 0000:09: resource 1 [mem 0xfbc00000-0xfbcfffff]
[    6.677358] pci_bus 0000:09: resource 2 [mem 0xe6200000-0xe62fffff 64bit pref]
[    6.677361] pci_bus 0000:0a: resource 1 [mem 0xfb800000-0xfb8fffff]
[    6.677362] pci_bus 0000:0a: resource 2 [mem 0xe5e00000-0xe5efffff 64bit pref]
[    6.677364] pci_bus 0000:0b: resource 0 [io  0x5000-0x5fff]
[    6.677365] pci_bus 0000:0b: resource 1 [mem 0xfd300000-0xfd3fffff]
[    6.677367] pci_bus 0000:0b: resource 2 [mem 0xe7900000-0xe79fffff 64bit pref]
[    6.677369] pci_bus 0000:0c: resource 0 [io  0x9000-0x9fff]
[    6.677370] pci_bus 0000:0c: resource 1 [mem 0xfcf00000-0xfcffffff]
[    6.677372] pci_bus 0000:0c: resource 2 [mem 0xe7500000-0xe75fffff 64bit pref]
[    6.677374] pci_bus 0000:0d: resource 0 [io  0xd000-0xdfff]
[    6.677375] pci_bus 0000:0d: resource 1 [mem 0xfcb00000-0xfcbfffff]
[    6.677377] pci_bus 0000:0d: resource 2 [mem 0xe7100000-0xe71fffff 64bit pref]
[    6.677379] pci_bus 0000:0e: resource 1 [mem 0xfc700000-0xfc7fffff]
[    6.677380] pci_bus 0000:0e: resource 2 [mem 0xe6d00000-0xe6dfffff 64bit pref]
[    6.677382] pci_bus 0000:0f: resource 1 [mem 0xfc300000-0xfc3fffff]
[    6.677383] pci_bus 0000:0f: resource 2 [mem 0xe6900000-0xe69fffff 64bit pref]
[    6.677385] pci_bus 0000:10: resource 1 [mem 0xfbf00000-0xfbffffff]
[    6.677386] pci_bus 0000:10: resource 2 [mem 0xe6500000-0xe65fffff 64bit pref]
[    6.677388] pci_bus 0000:11: resource 1 [mem 0xfbb00000-0xfbbfffff]
[    6.677390] pci_bus 0000:11: resource 2 [mem 0xe6100000-0xe61fffff 64bit pref]
[    6.677392] pci_bus 0000:12: resource 1 [mem 0xfb700000-0xfb7fffff]
[    6.677394] pci_bus 0000:12: resource 2 [mem 0xe5d00000-0xe5dfffff 64bit pref]
[    6.677396] pci_bus 0000:13: resource 0 [io  0x6000-0x6fff]
[    6.677397] pci_bus 0000:13: resource 1 [mem 0xfd200000-0xfd2fffff]
[    6.677399] pci_bus 0000:13: resource 2 [mem 0xe7800000-0xe78fffff 64bit pref]
[    6.677400] pci_bus 0000:14: resource 0 [io  0xa000-0xafff]
[    6.677402] pci_bus 0000:14: resource 1 [mem 0xfce00000-0xfcefffff]
[    6.677403] pci_bus 0000:14: resource 2 [mem 0xe7400000-0xe74fffff 64bit pref]
[    6.677405] pci_bus 0000:15: resource 0 [io  0xe000-0xefff]
[    6.677407] pci_bus 0000:15: resource 1 [mem 0xfca00000-0xfcafffff]
[    6.677408] pci_bus 0000:15: resource 2 [mem 0xe7000000-0xe70fffff 64bit pref]
[    6.677410] pci_bus 0000:16: resource 1 [mem 0xfc600000-0xfc6fffff]
[    6.677412] pci_bus 0000:16: resource 2 [mem 0xe6c00000-0xe6cfffff 64bit pref]
[    6.677413] pci_bus 0000:17: resource 1 [mem 0xfc200000-0xfc2fffff]
[    6.677415] pci_bus 0000:17: resource 2 [mem 0xe6800000-0xe68fffff 64bit pref]
[    6.677417] pci_bus 0000:18: resource 1 [mem 0xfbe00000-0xfbefffff]
[    6.677420] pci_bus 0000:18: resource 2 [mem 0xe6400000-0xe64fffff 64bit pref]
[    6.677456] pci_bus 0000:19: resource 1 [mem 0xfba00000-0xfbafffff]
[    6.677458] pci_bus 0000:19: resource 2 [mem 0xe6000000-0xe60fffff 64bit pref]
[    6.677460] pci_bus 0000:1a: resource 1 [mem 0xfb600000-0xfb6fffff]
[    6.677462] pci_bus 0000:1a: resource 2 [mem 0xe5c00000-0xe5cfffff 64bit pref]
[    6.677463] pci_bus 0000:1b: resource 0 [io  0x7000-0x7fff]
[    6.677464] pci_bus 0000:1b: resource 1 [mem 0xfd100000-0xfd1fffff]
[    6.677466] pci_bus 0000:1b: resource 2 [mem 0xe7700000-0xe77fffff 64bit pref]
[    6.677467] pci_bus 0000:1c: resource 0 [io  0xb000-0xbfff]
[    6.677469] pci_bus 0000:1c: resource 1 [mem 0xfcd00000-0xfcdfffff]
[    6.677470] pci_bus 0000:1c: resource 2 [mem 0xe7300000-0xe73fffff 64bit pref]
[    6.677472] pci_bus 0000:1d: resource 1 [mem 0xfc900000-0xfc9fffff]
[    6.677473] pci_bus 0000:1d: resource 2 [mem 0xe6f00000-0xe6ffffff 64bit pref]
[    6.677475] pci_bus 0000:1e: resource 1 [mem 0xfc500000-0xfc5fffff]
[    6.677476] pci_bus 0000:1e: resource 2 [mem 0xe6b00000-0xe6bfffff 64bit pref]
[    6.677478] pci_bus 0000:1f: resource 1 [mem 0xfc100000-0xfc1fffff]
[    6.677479] pci_bus 0000:1f: resource 2 [mem 0xe6700000-0xe67fffff 64bit pref]
[    6.677480] pci_bus 0000:20: resource 1 [mem 0xfbd00000-0xfbdfffff]
[    6.677481] pci_bus 0000:20: resource 2 [mem 0xe6300000-0xe63fffff 64bit pref]
[    6.677483] pci_bus 0000:21: resource 1 [mem 0xfb900000-0xfb9fffff]
[    6.677484] pci_bus 0000:21: resource 2 [mem 0xe5f00000-0xe5ffffff 64bit pref]
[    6.677485] pci_bus 0000:22: resource 1 [mem 0xfb500000-0xfb5fffff]
[    6.677486] pci_bus 0000:22: resource 2 [mem 0xe5b00000-0xe5bfffff 64bit pref]
[    6.677875] pci 0000:00:00.0: Limiting direct PCI/PCI transfers
[    6.678307] pci 0000:00:0f.0: Video device with shadowed ROM at [mem 0x000c0000-0x000dffff]
[    6.685082] PCI: CLS 32 bytes, default 64
[    6.686062] Trying to unpack rootfs image as initramfs...
[    9.703493] Freeing initrd memory: 52812K
[    9.703679] PCI-DMA: Using software bounce buffering for IO (SWIOTLB)
[    9.703682] software IO TLB: mapped [mem 0xbbee0000-0xbfee0000] (64MB)
[    9.704099] check: Scanning for low memory corruption every 60 seconds
[    9.711203] Initialise system trusted keyrings
[    9.711235] Key type blacklist registered
[    9.711594] workingset: timestamp_bits=36 max_order=21 bucket_order=0
[    9.719512] zbud: loaded
[    9.720203] squashfs: version 4.0 (2009/01/31) Phillip Lougher
[    9.720883] fuse: init (API version 7.31)
[    9.722381] integrity: Platform Keyring initialized
[    9.733262] Key type asymmetric registered
[    9.733277] Asymmetric key parser 'x509' registered
[    9.733303] Block layer SCSI generic (bsg) driver version 0.4 loaded (major 244)
[    9.733696] io scheduler mq-deadline registered
[    9.736260] pcieport 0000:00:15.0: PME: Signaling with IRQ 24
[    9.736620] pcieport 0000:00:15.0: pciehp: Slot #160 AttnBtn+ PwrCtrl+ MRL- AttnInd- PwrInd- HotPlug+ Surprise- Interlock- NoCompl+ IbPresDis- LLActRep+
[    9.740624] pcieport 0000:00:15.1: PME: Signaling with IRQ 25
[    9.740944] pcieport 0000:00:15.1: pciehp: Slot #161 AttnBtn+ PwrCtrl+ MRL- AttnInd- PwrInd- HotPlug+ Surprise- Interlock- NoCompl+ IbPresDis- LLActRep+
[    9.744599] pcieport 0000:00:15.2: PME: Signaling with IRQ 26
[    9.744938] pcieport 0000:00:15.2: pciehp: Slot #162 AttnBtn+ PwrCtrl+ MRL- AttnInd- PwrInd- HotPlug+ Surprise- Interlock- NoCompl+ IbPresDis- LLActRep+
[    9.748791] pcieport 0000:00:15.3: PME: Signaling with IRQ 27
[    9.749053] pcieport 0000:00:15.3: pciehp: Slot #163 AttnBtn+ PwrCtrl+ MRL- AttnInd- PwrInd- HotPlug+ Surprise- Interlock- NoCompl+ IbPresDis- LLActRep+
[    9.752791] pcieport 0000:00:15.4: PME: Signaling with IRQ 28
[    9.753064] pcieport 0000:00:15.4: pciehp: Slot #164 AttnBtn+ PwrCtrl+ MRL- AttnInd- PwrInd- HotPlug+ Surprise- Interlock- NoCompl+ IbPresDis- LLActRep+
[    9.758352] pcieport 0000:00:15.5: PME: Signaling with IRQ 29
[    9.758677] pcieport 0000:00:15.5: pciehp: Slot #165 AttnBtn+ PwrCtrl+ MRL- AttnInd- PwrInd- HotPlug+ Surprise- Interlock- NoCompl+ IbPresDis- LLActRep+
[    9.762717] pcieport 0000:00:15.6: PME: Signaling with IRQ 30
[    9.763037] pcieport 0000:00:15.6: pciehp: Slot #166 AttnBtn+ PwrCtrl+ MRL- AttnInd- PwrInd- HotPlug+ Surprise- Interlock- NoCompl+ IbPresDis- LLActRep+
[    9.766215] pcieport 0000:00:15.7: PME: Signaling with IRQ 31
[    9.766453] pcieport 0000:00:15.7: pciehp: Slot #167 AttnBtn+ PwrCtrl+ MRL- AttnInd- PwrInd- HotPlug+ Surprise- Interlock- NoCompl+ IbPresDis- LLActRep+
[    9.769449] pcieport 0000:00:16.0: PME: Signaling with IRQ 32
[    9.769685] pcieport 0000:00:16.0: pciehp: Slot #192 AttnBtn+ PwrCtrl+ MRL- AttnInd- PwrInd- HotPlug+ Surprise- Interlock- NoCompl+ IbPresDis- LLActRep+
[    9.772920] pcieport 0000:00:16.1: PME: Signaling with IRQ 33
[    9.773182] pcieport 0000:00:16.1: pciehp: Slot #193 AttnBtn+ PwrCtrl+ MRL- AttnInd- PwrInd- HotPlug+ Surprise- Interlock- NoCompl+ IbPresDis- LLActRep+
[    9.776282] pcieport 0000:00:16.2: PME: Signaling with IRQ 34
[    9.776510] pcieport 0000:00:16.2: pciehp: Slot #194 AttnBtn+ PwrCtrl+ MRL- AttnInd- PwrInd- HotPlug+ Surprise- Interlock- NoCompl+ IbPresDis- LLActRep+
[    9.779648] pcieport 0000:00:16.3: PME: Signaling with IRQ 35
[    9.779875] pcieport 0000:00:16.3: pciehp: Slot #195 AttnBtn+ PwrCtrl+ MRL- AttnInd- PwrInd- HotPlug+ Surprise- Interlock- NoCompl+ IbPresDis- LLActRep+
[    9.783528] pcieport 0000:00:16.4: PME: Signaling with IRQ 36
[    9.783793] pcieport 0000:00:16.4: pciehp: Slot #196 AttnBtn+ PwrCtrl+ MRL- AttnInd- PwrInd- HotPlug+ Surprise- Interlock- NoCompl+ IbPresDis- LLActRep+
[    9.786712] pcieport 0000:00:16.5: PME: Signaling with IRQ 37
[    9.786936] pcieport 0000:00:16.5: pciehp: Slot #197 AttnBtn+ PwrCtrl+ MRL- AttnInd- PwrInd- HotPlug+ Surprise- Interlock- NoCompl+ IbPresDis- LLActRep+
[    9.789880] pcieport 0000:00:16.6: PME: Signaling with IRQ 38
[    9.790134] pcieport 0000:00:16.6: pciehp: Slot #198 AttnBtn+ PwrCtrl+ MRL- AttnInd- PwrInd- HotPlug+ Surprise- Interlock- NoCompl+ IbPresDis- LLActRep+
[    9.792968] pcieport 0000:00:16.7: PME: Signaling with IRQ 39
[    9.793232] pcieport 0000:00:16.7: pciehp: Slot #199 AttnBtn+ PwrCtrl+ MRL- AttnInd- PwrInd- HotPlug+ Surprise- Interlock- NoCompl+ IbPresDis- LLActRep+
[    9.796131] pcieport 0000:00:17.0: PME: Signaling with IRQ 40
[    9.796443] pcieport 0000:00:17.0: pciehp: Slot #224 AttnBtn+ PwrCtrl+ MRL- AttnInd- PwrInd- HotPlug+ Surprise- Interlock- NoCompl+ IbPresDis- LLActRep+
[    9.799836] pcieport 0000:00:17.1: PME: Signaling with IRQ 41
[    9.800089] pcieport 0000:00:17.1: pciehp: Slot #225 AttnBtn+ PwrCtrl+ MRL- AttnInd- PwrInd- HotPlug+ Surprise- Interlock- NoCompl+ IbPresDis- LLActRep+
[    9.803513] pcieport 0000:00:17.2: PME: Signaling with IRQ 42
[    9.803735] pcieport 0000:00:17.2: pciehp: Slot #226 AttnBtn+ PwrCtrl+ MRL- AttnInd- PwrInd- HotPlug+ Surprise- Interlock- NoCompl+ IbPresDis- LLActRep+
[    9.806565] pcieport 0000:00:17.3: PME: Signaling with IRQ 43
[    9.806787] pcieport 0000:00:17.3: pciehp: Slot #227 AttnBtn+ PwrCtrl+ MRL- AttnInd- PwrInd- HotPlug+ Surprise- Interlock- NoCompl+ IbPresDis- LLActRep+
[    9.809656] pcieport 0000:00:17.4: PME: Signaling with IRQ 44
[    9.809876] pcieport 0000:00:17.4: pciehp: Slot #228 AttnBtn+ PwrCtrl+ MRL- AttnInd- PwrInd- HotPlug+ Surprise- Interlock- NoCompl+ IbPresDis- LLActRep+
[    9.812814] pcieport 0000:00:17.5: PME: Signaling with IRQ 45
[    9.813056] pcieport 0000:00:17.5: pciehp: Slot #229 AttnBtn+ PwrCtrl+ MRL- AttnInd- PwrInd- HotPlug+ Surprise- Interlock- NoCompl+ IbPresDis- LLActRep+
[    9.816979] pcieport 0000:00:17.6: PME: Signaling with IRQ 46
[    9.817202] pcieport 0000:00:17.6: pciehp: Slot #230 AttnBtn+ PwrCtrl+ MRL- AttnInd- PwrInd- HotPlug+ Surprise- Interlock- NoCompl+ IbPresDis- LLActRep+
[    9.819935] pcieport 0000:00:17.7: PME: Signaling with IRQ 47
[    9.820189] pcieport 0000:00:17.7: pciehp: Slot #231 AttnBtn+ PwrCtrl+ MRL- AttnInd- PwrInd- HotPlug+ Surprise- Interlock- NoCompl+ IbPresDis- LLActRep+
[    9.822887] pcieport 0000:00:18.0: PME: Signaling with IRQ 48
[    9.823130] pcieport 0000:00:18.0: pciehp: Slot #256 AttnBtn+ PwrCtrl+ MRL- AttnInd- PwrInd- HotPlug+ Surprise- Interlock- NoCompl+ IbPresDis- LLActRep+
[    9.825893] pcieport 0000:00:18.1: PME: Signaling with IRQ 49
[    9.826132] pcieport 0000:00:18.1: pciehp: Slot #257 AttnBtn+ PwrCtrl+ MRL- AttnInd- PwrInd- HotPlug+ Surprise- Interlock- NoCompl+ IbPresDis- LLActRep+
[    9.828932] pcieport 0000:00:18.2: PME: Signaling with IRQ 50
[    9.829174] pcieport 0000:00:18.2: pciehp: Slot #258 AttnBtn+ PwrCtrl+ MRL- AttnInd- PwrInd- HotPlug+ Surprise- Interlock- NoCompl+ IbPresDis- LLActRep+
[    9.832384] pcieport 0000:00:18.3: PME: Signaling with IRQ 51
[    9.832589] pcieport 0000:00:18.3: pciehp: Slot #259 AttnBtn+ PwrCtrl+ MRL- AttnInd- PwrInd- HotPlug+ Surprise- Interlock- NoCompl+ IbPresDis- LLActRep+
[    9.835254] pcieport 0000:00:18.4: PME: Signaling with IRQ 52
[    9.835540] pcieport 0000:00:18.4: pciehp: Slot #260 AttnBtn+ PwrCtrl+ MRL- AttnInd- PwrInd- HotPlug+ Surprise- Interlock- NoCompl+ IbPresDis- LLActRep+
[    9.838808] pcieport 0000:00:18.5: PME: Signaling with IRQ 53
[    9.839089] pcieport 0000:00:18.5: pciehp: Slot #261 AttnBtn+ PwrCtrl+ MRL- AttnInd- PwrInd- HotPlug+ Surprise- Interlock- NoCompl+ IbPresDis- LLActRep+
[    9.842190] pcieport 0000:00:18.6: PME: Signaling with IRQ 54
